Archive member included to satisfy reference by file (symbol)

c:/st/stm32cubeide_1.3.0/stm32cubeide/plugins/com.st.stm32cube.ide.mcu.externaltools.gnu-tools-for-stm32.9-2020-q2-update.win32_2.0.0.202105311346/tools/bin/../lib/gcc/arm-none-eabi/9.3.1/../../../../arm-none-eabi/lib/thumb/v7e-m+fp/hard\libc_nano.a(lib_a-errno.o)
                              ./Core/Src/syscalls.o (__errno)
c:/st/stm32cubeide_1.3.0/stm32cubeide/plugins/com.st.stm32cube.ide.mcu.externaltools.gnu-tools-for-stm32.9-2020-q2-update.win32_2.0.0.202105311346/tools/bin/../lib/gcc/arm-none-eabi/9.3.1/../../../../arm-none-eabi/lib/thumb/v7e-m+fp/hard\libc_nano.a(lib_a-exit.o)
                              c:/st/stm32cubeide_1.3.0/stm32cubeide/plugins/com.st.stm32cube.ide.mcu.externaltools.gnu-tools-for-stm32.9-2020-q2-update.win32_2.0.0.202105311346/tools/bin/../lib/gcc/arm-none-eabi/9.3.1/../../../../arm-none-eabi/lib/thumb/v7e-m+fp/hard/crt0.o (exit)
c:/st/stm32cubeide_1.3.0/stm32cubeide/plugins/com.st.stm32cube.ide.mcu.externaltools.gnu-tools-for-stm32.9-2020-q2-update.win32_2.0.0.202105311346/tools/bin/../lib/gcc/arm-none-eabi/9.3.1/../../../../arm-none-eabi/lib/thumb/v7e-m+fp/hard\libc_nano.a(lib_a-impure.o)
                              c:/st/stm32cubeide_1.3.0/stm32cubeide/plugins/com.st.stm32cube.ide.mcu.externaltools.gnu-tools-for-stm32.9-2020-q2-update.win32_2.0.0.202105311346/tools/bin/../lib/gcc/arm-none-eabi/9.3.1/../../../../arm-none-eabi/lib/thumb/v7e-m+fp/hard\libc_nano.a(lib_a-exit.o) (_global_impure_ptr)
c:/st/stm32cubeide_1.3.0/stm32cubeide/plugins/com.st.stm32cube.ide.mcu.externaltools.gnu-tools-for-stm32.9-2020-q2-update.win32_2.0.0.202105311346/tools/bin/../lib/gcc/arm-none-eabi/9.3.1/../../../../arm-none-eabi/lib/thumb/v7e-m+fp/hard\libc_nano.a(lib_a-init.o)
                              c:/st/stm32cubeide_1.3.0/stm32cubeide/plugins/com.st.stm32cube.ide.mcu.externaltools.gnu-tools-for-stm32.9-2020-q2-update.win32_2.0.0.202105311346/tools/bin/../lib/gcc/arm-none-eabi/9.3.1/../../../../arm-none-eabi/lib/thumb/v7e-m+fp/hard/crt0.o (__libc_init_array)
c:/st/stm32cubeide_1.3.0/stm32cubeide/plugins/com.st.stm32cube.ide.mcu.externaltools.gnu-tools-for-stm32.9-2020-q2-update.win32_2.0.0.202105311346/tools/bin/../lib/gcc/arm-none-eabi/9.3.1/../../../../arm-none-eabi/lib/thumb/v7e-m+fp/hard\libc_nano.a(lib_a-malloc.o)
                              ./my_src/middleware/filter/src/filter.o (malloc)
c:/st/stm32cubeide_1.3.0/stm32cubeide/plugins/com.st.stm32cube.ide.mcu.externaltools.gnu-tools-for-stm32.9-2020-q2-update.win32_2.0.0.202105311346/tools/bin/../lib/gcc/arm-none-eabi/9.3.1/../../../../arm-none-eabi/lib/thumb/v7e-m+fp/hard\libc_nano.a(lib_a-memcmp.o)
                              ./my_src/drivers/devices/stusb4500/stusb4500/src/stusb4500.o (memcmp)
c:/st/stm32cubeide_1.3.0/stm32cubeide/plugins/com.st.stm32cube.ide.mcu.externaltools.gnu-tools-for-stm32.9-2020-q2-update.win32_2.0.0.202105311346/tools/bin/../lib/gcc/arm-none-eabi/9.3.1/../../../../arm-none-eabi/lib/thumb/v7e-m+fp/hard\libc_nano.a(lib_a-memcpy-stub.o)
                              ./Middlewares/Third_Party/FreeRTOS/Source/CMSIS_RTOS_V2/cmsis_os2.o (memcpy)
c:/st/stm32cubeide_1.3.0/stm32cubeide/plugins/com.st.stm32cube.ide.mcu.externaltools.gnu-tools-for-stm32.9-2020-q2-update.win32_2.0.0.202105311346/tools/bin/../lib/gcc/arm-none-eabi/9.3.1/../../../../arm-none-eabi/lib/thumb/v7e-m+fp/hard\libc_nano.a(lib_a-memset.o)
                              c:/st/stm32cubeide_1.3.0/stm32cubeide/plugins/com.st.stm32cube.ide.mcu.externaltools.gnu-tools-for-stm32.9-2020-q2-update.win32_2.0.0.202105311346/tools/bin/../lib/gcc/arm-none-eabi/9.3.1/../../../../arm-none-eabi/lib/thumb/v7e-m+fp/hard/crt0.o (memset)
c:/st/stm32cubeide_1.3.0/stm32cubeide/plugins/com.st.stm32cube.ide.mcu.externaltools.gnu-tools-for-stm32.9-2020-q2-update.win32_2.0.0.202105311346/tools/bin/../lib/gcc/arm-none-eabi/9.3.1/../../../../arm-none-eabi/lib/thumb/v7e-m+fp/hard\libc_nano.a(lib_a-nano-freer.o)
                              c:/st/stm32cubeide_1.3.0/stm32cubeide/plugins/com.st.stm32cube.ide.mcu.externaltools.gnu-tools-for-stm32.9-2020-q2-update.win32_2.0.0.202105311346/tools/bin/../lib/gcc/arm-none-eabi/9.3.1/../../../../arm-none-eabi/lib/thumb/v7e-m+fp/hard\libc_nano.a(lib_a-malloc.o) (_free_r)
c:/st/stm32cubeide_1.3.0/stm32cubeide/plugins/com.st.stm32cube.ide.mcu.externaltools.gnu-tools-for-stm32.9-2020-q2-update.win32_2.0.0.202105311346/tools/bin/../lib/gcc/arm-none-eabi/9.3.1/../../../../arm-none-eabi/lib/thumb/v7e-m+fp/hard\libc_nano.a(lib_a-nano-mallocr.o)
                              c:/st/stm32cubeide_1.3.0/stm32cubeide/plugins/com.st.stm32cube.ide.mcu.externaltools.gnu-tools-for-stm32.9-2020-q2-update.win32_2.0.0.202105311346/tools/bin/../lib/gcc/arm-none-eabi/9.3.1/../../../../arm-none-eabi/lib/thumb/v7e-m+fp/hard\libc_nano.a(lib_a-malloc.o) (_malloc_r)
[...]
Memory Configuration

Name             Origin             Length             Attributes
RAM              0x0000000020000000 0x0000000000050000 xrw
FLASH            0x0000000008000000 0x0000000000080000 xr
*default*        0x0000000000000000 0xffffffffffffffff

Linker script and memory map

LOAD c:/st/stm32cubeide_1.3.0/stm32cubeide/plugins/com.st.stm32cube.ide.mcu.externaltools.gnu-tools-for-stm32.9-2020-q2-update.win32_2.0.0.202105311346/tools/bin/../lib/gcc/arm-none-eabi/9.3.1/thumb/v7e-m+fp/hard/crti.o
LOAD c:/st/stm32cubeide_1.3.0/stm32cubeide/plugins/com.st.stm32cube.ide.mcu.externaltools.gnu-tools-for-stm32.9-2020-q2-update.win32_2.0.0.202105311346/tools/bin/../lib/gcc/arm-none-eabi/9.3.1/thumb/v7e-m+fp/hard/crtbegin.o
LOAD c:/st/stm32cubeide_1.3.0/stm32cubeide/plugins/com.st.stm32cube.ide.mcu.externaltools.gnu-tools-for-stm32.9-2020-q2-update.win32_2.0.0.202105311346/tools/bin/../lib/gcc/arm-none-eabi/9.3.1/../../../../arm-none-eabi/lib/thumb/v7e-m+fp/hard/crt0.o
LOAD ./Core/Src/adc.o
LOAD ./Core/Src/freertos.o
LOAD ./Core/Src/gpio.o
LOAD ./Core/Src/i2c.o
LOAD ./Core/Src/main.o
LOAD ./Core/Src/spi.o
LOAD ./Core/Src/stm32f7xx_hal_msp.o
LOAD ./Core/Src/stm32f7xx_it.o
LOAD ./Core/Src/syscalls.o
LOAD ./Core/Src/sysmem.o
LOAD ./Core/Src/system_stm32f7xx.o
LOAD ./Core/Src/tim.o
LOAD ./Core/Src/usart.o
LOAD ./Core/Startup/startup_stm32f746vetx.o
LOAD ./Drivers/STM32F7xx_HAL_Driver/Src/stm32f7xx_hal.o
LOAD ./Drivers/STM32F7xx_HAL_Driver/Src/stm32f7xx_hal_adc.o
LOAD ./Drivers/STM32F7xx_HAL_Driver/Src/stm32f7xx_hal_adc_ex.o
LOAD ./Drivers/STM32F7xx_HAL_Driver/Src/stm32f7xx_hal_cortex.o
LOAD ./Drivers/STM32F7xx_HAL_Driver/Src/stm32f7xx_hal_dma.o
LOAD ./Drivers/STM32F7xx_HAL_Driver/Src/stm32f7xx_hal_dma_ex.o
LOAD ./Drivers/STM32F7xx_HAL_Driver/Src/stm32f7xx_hal_exti.o
LOAD ./Drivers/STM32F7xx_HAL_Driver/Src/stm32f7xx_hal_flash.o
LOAD ./Drivers/STM32F7xx_HAL_Driver/Src/stm32f7xx_hal_flash_ex.o
LOAD ./Drivers/STM32F7xx_HAL_Driver/Src/stm32f7xx_hal_gpio.o
LOAD ./Drivers/STM32F7xx_HAL_Driver/Src/stm32f7xx_hal_i2c.o
LOAD ./Drivers/STM32F7xx_HAL_Driver/Src/stm32f7xx_hal_i2c_ex.o
LOAD ./Drivers/STM32F7xx_HAL_Driver/Src/stm32f7xx_hal_pwr.o
LOAD ./Drivers/STM32F7xx_HAL_Driver/Src/stm32f7xx_hal_pwr_ex.o
LOAD ./Drivers/STM32F7xx_HAL_Driver/Src/stm32f7xx_hal_rcc.o
LOAD ./Drivers/STM32F7xx_HAL_Driver/Src/stm32f7xx_hal_rcc_ex.o
LOAD ./Drivers/STM32F7xx_HAL_Driver/Src/stm32f7xx_hal_spi.o
LOAD ./Drivers/STM32F7xx_HAL_Driver/Src/stm32f7xx_hal_spi_ex.o
LOAD ./Drivers/STM32F7xx_HAL_Driver/Src/stm32f7xx_hal_tim.o
LOAD ./Drivers/STM32F7xx_HAL_Driver/Src/stm32f7xx_hal_tim_ex.o
LOAD ./Drivers/STM32F7xx_HAL_Driver/Src/stm32f7xx_hal_uart.o
LOAD ./Drivers/STM32F7xx_HAL_Driver/Src/stm32f7xx_hal_uart_ex.o
LOAD ./Middlewares/Third_Party/FreeRTOS/Source/CMSIS_RTOS_V2/cmsis_os2.o
LOAD ./Middlewares/Third_Party/FreeRTOS/Source/croutine.o
LOAD ./Middlewares/Third_Party/FreeRTOS/Source/event_groups.o
LOAD ./Middlewares/Third_Party/FreeRTOS/Source/list.o
LOAD ./Middlewares/Third_Party/FreeRTOS/Source/queue.o
LOAD ./Middlewares/Third_Party/FreeRTOS/Source/stream_buffer.o
LOAD ./Middlewares/Third_Party/FreeRTOS/Source/tasks.o
LOAD ./Middlewares/Third_Party/FreeRTOS/Source/timers.o
LOAD ./Middlewares/Third_Party/FreeRTOS/Source/portable/GCC/ARM_CM7/r0p1/port.o
LOAD ./Middlewares/Third_Party/FreeRTOS/Source/portable/MemMang/heap_4.o
LOAD ./my_src/application/app_low.o
LOAD ./my_src/application/display.o
LOAD ./my_src/application/pwr.o
LOAD ./my_src/drivers/devices/25lcxxxx/25lcxxxx/src/25lcxxxx.o
LOAD ./my_src/drivers/devices/25lcxxxx/25lcxxxx_if.o
LOAD ./my_src/drivers/devices/ili9488/ili9488/src/ili9488.o
LOAD ./my_src/drivers/devices/ili9488/ili9488/src/ili9488_driver.o
LOAD ./my_src/drivers/devices/ili9488/ili9488/src/ili9488_font.o
LOAD ./my_src/drivers/devices/ili9488/ili9488/src/ili9488_low_if.o
LOAD ./my_src/drivers/devices/ili9488/ili9488_if.o
LOAD ./my_src/drivers/devices/stusb4500/stusb4500/src/stusb4500.o
LOAD ./my_src/drivers/devices/stusb4500/stusb4500/src/stusb4500_low_if.o
LOAD ./my_src/drivers/devices/stusb4500/stusb4500_if.o
LOAD ./my_src/drivers/devices/xpt2046/xpt2046/src/xpt2046.o
LOAD ./my_src/drivers/devices/xpt2046/xpt2046/src/xpt2046_low_if.o
LOAD ./my_src/drivers/devices/xpt2046/xpt2046_if.o
LOAD ./my_src/drivers/hmi/button/button.o
LOAD ./my_src/drivers/hmi/led/led.o
LOAD ./my_src/drivers/peripheral/adc/adc.o
LOAD ./my_src/drivers/peripheral/gpio/gpio.o
LOAD ./my_src/drivers/peripheral/i2c/i2c.o
LOAD ./my_src/drivers/peripheral/spi/spi.o
LOAD ./my_src/drivers/peripheral/timer/timer.o
LOAD ./my_src/drivers/peripheral/usart/uart_dbg.o
LOAD ./my_src/middleware/debug_comm_port/com_dbg.o
LOAD ./my_src/middleware/debug_comm_port/shell.o
LOAD ./my_src/middleware/filter/src/filter.o
LOAD ./my_src/middleware/misc/fifobuffer.o
LOAD ./my_src/middleware/misc/misc_lib.o
LOAD ./my_src/middleware/misc/sha256.o
LOAD ./my_src/middleware/nvm/nvm/src/nvm.o
LOAD ./my_src/middleware/nvm/nvm_cfg.o
LOAD ./my_src/middleware/nvm/nvm_if.o
LOAD ./my_src/middleware/parameters/par_cfg.o
LOAD ./my_src/middleware/parameters/par_if.o
LOAD ./my_src/middleware/parameters/parameters/src/par.o
LOAD ./my_src/middleware/parameters/parameters/src/par_nvm.o
LOAD ./my_src/middleware/ring_buffer/src/ring_buffer.o
LOAD ./my_src/project_config.o
LOAD ./my_src/revision/version.o
START GROUP
LOAD c:/st/stm32cubeide_1.3.0/stm32cubeide/plugins/com.st.stm32cube.ide.mcu.externaltools.gnu-tools-for-stm32.9-2020-q2-update.win32_2.0.0.202105311346/tools/bin/../lib/gcc/arm-none-eabi/9.3.1/../../../../arm-none-eabi/lib/thumb/v7e-m+fp/hard\libc_nano.a
LOAD c:/st/stm32cubeide_1.3.0/stm32cubeide/plugins/com.st.stm32cube.ide.mcu.externaltools.gnu-tools-for-stm32.9-2020-q2-update.win32_2.0.0.202105311346/tools/bin/../lib/gcc/arm-none-eabi/9.3.1/../../../../arm-none-eabi/lib/thumb/v7e-m+fp/hard\libm.a
END GROUP
START GROUP
LOAD c:/st/stm32cubeide_1.3.0/stm32cubeide/plugins/com.st.stm32cube.ide.mcu.externaltools.gnu-tools-for-stm32.9-2020-q2-update.win32_2.0.0.202105311346/tools/bin/../lib/gcc/arm-none-eabi/9.3.1/thumb/v7e-m+fp/hard\libgcc.a
LOAD c:/st/stm32cubeide_1.3.0/stm32cubeide/plugins/com.st.stm32cube.ide.mcu.externaltools.gnu-tools-for-stm32.9-2020-q2-update.win32_2.0.0.202105311346/tools/bin/../lib/gcc/arm-none-eabi/9.3.1/../../../../arm-none-eabi/lib/thumb/v7e-m+fp/hard\libc_nano.a
END GROUP
START GROUP
LOAD c:/st/stm32cubeide_1.3.0/stm32cubeide/plugins/com.st.stm32cube.ide.mcu.externaltools.gnu-tools-for-stm32.9-2020-q2-update.win32_2.0.0.202105311346/tools/bin/../lib/gcc/arm-none-eabi/9.3.1/thumb/v7e-m+fp/hard\libgcc.a
LOAD c:/st/stm32cubeide_1.3.0/stm32cubeide/plugins/com.st.stm32cube.ide.mcu.externaltools.gnu-tools-for-stm32.9-2020-q2-update.win32_2.0.0.202105311346/tools/bin/../lib/gcc/arm-none-eabi/9.3.1/../../../../arm-none-eabi/lib/thumb/v7e-m+fp/hard\libc_nano.a
LOAD c:/st/stm32cubeide_1.3.0/stm32cubeide/plugins/com.st.stm32cube.ide.mcu.externaltools.gnu-tools-for-stm32.9-2020-q2-update.win32_2.0.0.202105311346/tools/bin/../lib/gcc/arm-none-eabi/9.3.1/../../../../arm-none-eabi/lib/thumb/v7e-m+fp/hard\libnosys.a
END GROUP
START GROUP
LOAD c:/st/stm32cubeide_1.3.0/stm32cubeide/plugins/com.st.stm32cube.ide.mcu.externaltools.gnu-tools-for-stm32.9-2020-q2-update.win32_2.0.0.202105311346/tools/bin/../lib/gcc/arm-none-eabi/9.3.1/thumb/v7e-m+fp/hard\libgcc.a
LOAD c:/st/stm32cubeide_1.3.0/stm32cubeide/plugins/com.st.stm32cube.ide.mcu.externaltools.gnu-tools-for-stm32.9-2020-q2-update.win32_2.0.0.202105311346/tools/bin/../lib/gcc/arm-none-eabi/9.3.1/../../../../arm-none-eabi/lib/thumb/v7e-m+fp/hard\libc_nano.a
LOAD c:/st/stm32cubeide_1.3.0/stm32cubeide/plugins/com.st.stm32cube.ide.mcu.externaltools.gnu-tools-for-stm32.9-2020-q2-update.win32_2.0.0.202105311346/tools/bin/../lib/gcc/arm-none-eabi/9.3.1/../../../../arm-none-eabi/lib/thumb/v7e-m+fp/hard\libnosys.a
END GROUP
LOAD c:/st/stm32cubeide_1.3.0/stm32cubeide/plugins/com.st.stm32cube.ide.mcu.externaltools.gnu-tools-for-stm32.9-2020-q2-update.win32_2.0.0.202105311346/tools/bin/../lib/gcc/arm-none-eabi/9.3.1/thumb/v7e-m+fp/hard/crtend.o
LOAD c:/st/stm32cubeide_1.3.0/stm32cubeide/plugins/com.st.stm32cube.ide.mcu.externaltools.gnu-tools-for-stm32.9-2020-q2-update.win32_2.0.0.202105311346/tools/bin/../lib/gcc/arm-none-eabi/9.3.1/thumb/v7e-m+fp/hard/crtn.o
                0x0000000020050000                _estack = (ORIGIN (RAM) + LENGTH (RAM))
                0x0000000000000200                _Min_Heap_Size = 0x200
                0x0000000000000400                _Min_Stack_Size = 0x400

.isr_vector     0x0000000008000000      0x1c8
                0x0000000008000000                . = ALIGN (0x4)
 *(.isr_vector)
 .isr_vector    0x0000000008000000      0x1c8 ./Core/Startup/startup_stm32f746vetx.o
                0x0000000008000000                g_pfnVectors
                0x00000000080001c8                . = ALIGN (0x4)

.text           0x00000000080001d0    0x12b7c
                0x00000000080001d0                . = ALIGN (0x4)
 *(.text)
 .text          0x00000000080001d0       0x40 c:/st/stm32cubeide_1.3.0/stm32cubeide/plugins/com.st.stm32cube.ide.mcu.externaltools.gnu-tools-for-stm32.9-2020-q2-update.win32_2.0.0.202105311346/tools/bin/../lib/gcc/arm-none-eabi/9.3.1/thumb/v7e-m+fp/hard/crtbegin.o
 .text          0x0000000008000210       0x14 c:/st/stm32cubeide_1.3.0/stm32cubeide/plugins/com.st.stm32cube.ide.mcu.externaltools.gnu-tools-for-stm32.9-2020-q2-update.win32_2.0.0.202105311346/tools/bin/../lib/gcc/arm-none-eabi/9.3.1/../../../../arm-none-eabi/lib/thumb/v7e-m+fp/hard\libc_nano.a(lib_a-strcmp.o)
                0x0000000008000210                strcmp
 .text          0x0000000008000224       0x10 c:/st/stm32cubeide_1.3.0/stm32cubeide/plugins/com.st.stm32cube.ide.mcu.externaltools.gnu-tools-for-stm32.9-2020-q2-update.win32_2.0.0.202105311346/tools/bin/../lib/gcc/arm-none-eabi/9.3.1/../../../../arm-none-eabi/lib/thumb/v7e-m+fp/hard\libc_nano.a(lib_a-strlen.o)
                0x0000000008000224                strlen
 *fill*         0x0000000008000234        0xc 
 .text          0x0000000008000240       0xa0 c:/st/stm32cubeide_1.3.0/stm32cubeide/plugins/com.st.stm32cube.ide.mcu.externaltools.gnu-tools-for-stm32.9-2020-q2-update.win32_2.0.0.202105311346/tools/bin/../lib/gcc/arm-none-eabi/9.3.1/../../../../arm-none-eabi/lib/thumb/v7e-m+fp/hard\libc_nano.a(lib_a-memchr.o)
                0x0000000008000240                memchr
 .text          0x00000000080002e0      0x378 c:/st/stm32cubeide_1.3.0/stm32cubeide/plugins/com.st.stm32cube.ide.mcu.externaltools.gnu-tools-for-stm32.9-2020-q2-update.win32_2.0.0.202105311346/tools/bin/../lib/gcc/arm-none-eabi/9.3.1/thumb/v7e-m+fp/hard\libgcc.a(_arm_addsubdf3.o)
                0x00000000080002e0                __aeabi_drsub
                0x00000000080002e8                __aeabi_dsub
                0x00000000080002e8                __subdf3
                0x00000000080002ec                __aeabi_dadd
                0x00000000080002ec                __adddf3
                0x0000000008000564                __floatunsidf
                0x0000000008000564                __aeabi_ui2d
                0x0000000008000584                __floatsidf
                0x0000000008000584                __aeabi_i2d
                0x00000000080005a8                __aeabi_f2d
                0x00000000080005a8                __extendsfdf2
                0x00000000080005ec                __floatundidf
                0x00000000080005ec                __aeabi_ul2d
                0x00000000080005fc                __floatdidf
                0x00000000080005fc                __aeabi_l2d
 .text          0x0000000008000658      0x424 c:/st/stm32cubeide_1.3.0/stm32cubeide/plugins/com.st.stm32cube.ide.mcu.externaltools.gnu-tools-for-stm32.9-2020-q2-update.win32_2.0.0.202105311346/tools/bin/../lib/gcc/arm-none-eabi/9.3.1/thumb/v7e-m+fp/hard\libgcc.a(_arm_muldivdf3.o)
                0x0000000008000658                __aeabi_dmul
                0x0000000008000658                __muldf3
                0x00000000080008ac                __divdf3
                0x00000000080008ac                __aeabi_ddiv
 .text          0x0000000008000a7c      0x110 c:/st/stm32cubeide_1.3.0/stm32cubeide/plugins/com.st.stm32cube.ide.mcu.externaltools.gnu-tools-for-stm32.9-2020-q2-update.win32_2.0.0.202105311346/tools/bin/../lib/gcc/arm-none-eabi/9.3.1/thumb/v7e-m+fp/hard\libgcc.a(_arm_cmpdf2.o)
                0x0000000008000a7c                __gtdf2
                0x0000000008000a7c                __gedf2
                0x0000000008000a84                __ltdf2
                0x0000000008000a84                __ledf2
                0x0000000008000a8c                __nedf2
                0x0000000008000a8c                __eqdf2
                0x0000000008000a8c                __cmpdf2
                0x0000000008000b08                __aeabi_cdrcmple
                0x0000000008000b18                __aeabi_cdcmpeq
                0x0000000008000b18                __aeabi_cdcmple
                0x0000000008000b28                __aeabi_dcmpeq
                0x0000000008000b3c                __aeabi_dcmplt
                0x0000000008000b50                __aeabi_dcmple
                0x0000000008000b64                __aeabi_dcmpge
                0x0000000008000b78                __aeabi_dcmpgt
 .text          0x0000000008000b8c       0x2c c:/st/stm32cubeide_1.3.0/stm32cubeide/plugins/com.st.stm32cube.ide.mcu.externaltools.gnu-tools-for-stm32.9-2020-q2-update.win32_2.0.0.202105311346/tools/bin/../lib/gcc/arm-none-eabi/9.3.1/thumb/v7e-m+fp/hard\libgcc.a(_arm_unorddf2.o)
                0x0000000008000b8c                __unorddf2
                0x0000000008000b8c                __aeabi_dcmpun
 .text          0x0000000008000bb8       0x50 c:/st/stm32cubeide_1.3.0/stm32cubeide/plugins/com.st.stm32cube.ide.mcu.externaltools.gnu-tools-for-stm32.9-2020-q2-update.win32_2.0.0.202105311346/tools/bin/../lib/gcc/arm-none-eabi/9.3.1/thumb/v7e-m+fp/hard\libgcc.a(_arm_fixdfsi.o)
                0x0000000008000bb8                __aeabi_d2iz
                0x0000000008000bb8                __fixdfsi
 .text          0x0000000008000c08       0x40 c:/st/stm32cubeide_1.3.0/stm32cubeide/plugins/com.st.stm32cube.ide.mcu.externaltools.gnu-tools-for-stm32.9-2020-q2-update.win32_2.0.0.202105311346/tools/bin/../lib/gcc/arm-none-eabi/9.3.1/thumb/v7e-m+fp/hard\libgcc.a(_arm_fixunsdfsi.o)
                0x0000000008000c08                __aeabi_d2uiz
                0x0000000008000c08                __fixunsdfsi
 .text          0x0000000008000c48       0xa0 c:/st/stm32cubeide_1.3.0/stm32cubeide/plugins/com.st.stm32cube.ide.mcu.externaltools.gnu-tools-for-stm32.9-2020-q2-update.win32_2.0.0.202105311346/tools/bin/../lib/gcc/arm-none-eabi/9.3.1/thumb/v7e-m+fp/hard\libgcc.a(_arm_truncdfsf2.o)
                0x0000000008000c48                __truncdfsf2
                0x0000000008000c48                __aeabi_d2f
 .text          0x0000000008000ce8       0xa0 c:/st/stm32cubeide_1.3.0/stm32cubeide/plugins/com.st.stm32cube.ide.mcu.externaltools.gnu-tools-for-stm32.9-2020-q2-update.win32_2.0.0.202105311346/tools/bin/../lib/gcc/arm-none-eabi/9.3.1/thumb/v7e-m+fp/hard\libgcc.a(_aeabi_ldivmod.o)
                0x0000000008000ce8                __aeabi_ldivmod
 .text          0x0000000008000d88       0x30 c:/st/stm32cubeide_1.3.0/stm32cubeide/plugins/com.st.stm32cube.ide.mcu.externaltools.gnu-tools-for-stm32.9-2020-q2-update.win32_2.0.0.202105311346/tools/bin/../lib/gcc/arm-none-eabi/9.3.1/thumb/v7e-m+fp/hard\libgcc.a(_aeabi_uldivmod.o)
                0x0000000008000d88                __aeabi_uldivmod
 .text          0x0000000008000db8       0x30 c:/st/stm32cubeide_1.3.0/stm32cubeide/plugins/com.st.stm32cube.ide.mcu.externaltools.gnu-tools-for-stm32.9-2020-q2-update.win32_2.0.0.202105311346/tools/bin/../lib/gcc/arm-none-eabi/9.3.1/thumb/v7e-m+fp/hard\libgcc.a(_fixdfdi.o)
                0x0000000008000db8                __fixdfdi
                0x0000000008000db8                __aeabi_d2lz
 .text          0x0000000008000de8       0x3c c:/st/stm32cubeide_1.3.0/stm32cubeide/plugins/com.st.stm32cube.ide.mcu.externaltools.gnu-tools-for-stm32.9-2020-q2-update.win32_2.0.0.202105311346/tools/bin/../lib/gcc/arm-none-eabi/9.3.1/thumb/v7e-m+fp/hard\libgcc.a(_fixunsdfdi.o)
                0x0000000008000de8                __fixunsdfdi
                0x0000000008000de8                __aeabi_d2ulz
 .text          0x0000000008000e24      0x2c4 c:/st/stm32cubeide_1.3.0/stm32cubeide/plugins/com.st.stm32cube.ide.mcu.externaltools.gnu-tools-for-stm32.9-2020-q2-update.win32_2.0.0.202105311346/tools/bin/../lib/gcc/arm-none-eabi/9.3.1/thumb/v7e-m+fp/hard\libgcc.a(_udivmoddi4.o)
                0x0000000008000e24                __udivmoddi4
 .text          0x00000000080010e8        0x4 c:/st/stm32cubeide_1.3.0/stm32cubeide/plugins/com.st.stm32cube.ide.mcu.externaltools.gnu-tools-for-stm32.9-2020-q2-update.win32_2.0.0.202105311346/tools/bin/../lib/gcc/arm-none-eabi/9.3.1/thumb/v7e-m+fp/hard\libgcc.a(_dvmd_tls.o)
                0x00000000080010e8                __aeabi_idiv0
                0x00000000080010e8                __aeabi_ldiv0
 *(.text*)
 .text.HAL_ADC_MspInit
                0x00000000080010ec       0x68 ./Core/Src/adc.o
                0x00000000080010ec                HAL_ADC_MspInit
 .text.vApplicationIdleHook
                0x0000000008001154        0x2 ./Core/Src/freertos.o
                0x0000000008001154                vApplicationIdleHook
 *fill*         0x0000000008001156        0x2 
 .text.HAL_I2C_MspInit
                0x0000000008001158       0x70 ./Core/Src/i2c.o
                0x0000000008001158                HAL_I2C_MspInit
 .text.main_init_thread
                0x00000000080011c8       0x38 ./Core/Src/main.o
 .text.background_thread
                0x0000000008001200       0x3c ./Core/Src/main.o
 .text.background_timer_callback
                0x000000000800123c       0x14 ./Core/Src/main.o
 .text.Error_Handler
                0x0000000008001250       0x2c ./Core/Src/main.o
                0x0000000008001250                Error_Handler
 .text.SystemClock_Config
                0x000000000800127c       0xcc ./Core/Src/main.o
                0x000000000800127c                SystemClock_Config
 .text.main     0x0000000008001348       0x30 ./Core/Src/main.o
                0x0000000008001348                main
 .text.HAL_SPI_MspInit
                0x0000000008001378       0x6c ./Core/Src/spi.o
                0x0000000008001378                HAL_SPI_MspInit
 .text.HAL_MspInit
                0x00000000080013e4       0x40 ./Core/Src/stm32f7xx_hal_msp.o
                0x00000000080013e4                HAL_MspInit
 .text.NMI_Handler
                0x0000000008001424        0x2 ./Core/Src/stm32f7xx_it.o
                0x0000000008001424                NMI_Handler
 .text.HardFault_Handler
                0x0000000008001426        0x2 ./Core/Src/stm32f7xx_it.o
                0x0000000008001426                HardFault_Handler
 .text.MemManage_Handler
                0x0000000008001428        0x2 ./Core/Src/stm32f7xx_it.o
                0x0000000008001428                MemManage_Handler
 .text.BusFault_Handler
                0x000000000800142a        0x2 ./Core/Src/stm32f7xx_it.o
                0x000000000800142a                BusFault_Handler
 .text.UsageFault_Handler
                0x000000000800142c        0x2 ./Core/Src/stm32f7xx_it.o
                0x000000000800142c                UsageFault_Handler
 .text.DebugMon_Handler
                0x000000000800142e        0x2 ./Core/Src/stm32f7xx_it.o
                0x000000000800142e                DebugMon_Handler
 .text.SysTick_Handler
                0x0000000008001430       0x16 ./Core/Src/stm32f7xx_it.o
                0x0000000008001430                SysTick_Handler
 .text._getpid  0x0000000008001446        0x4 ./Core/Src/syscalls.o
                0x0000000008001446                _getpid
 .text._kill    0x000000000800144a       0x10 ./Core/Src/syscalls.o
                0x000000000800144a                _kill
 .text._exit    0x000000000800145a        0xc ./Core/Src/syscalls.o
                0x000000000800145a                _exit
 .text._read    0x0000000008001466       0x1a ./Core/Src/syscalls.o
                0x0000000008001466                _read
 .text._write   0x0000000008001480       0x1a ./Core/Src/syscalls.o
                0x0000000008001480                _write
 .text._close   0x000000000800149a        0x6 ./Core/Src/syscalls.o
                0x000000000800149a                _close
 .text._fstat   0x00000000080014a0        0xa ./Core/Src/syscalls.o
                0x00000000080014a0                _fstat
 .text._isatty  0x00000000080014aa        0x4 ./Core/Src/syscalls.o
                0x00000000080014aa                _isatty
 .text._lseek   0x00000000080014ae        0x4 ./Core/Src/syscalls.o
                0x00000000080014ae                _lseek
 *fill*         0x00000000080014b2        0x2 
 .text._sbrk    0x00000000080014b4       0x48 ./Core/Src/sysmem.o
                0x00000000080014b4                _sbrk
 .text.SystemInit
                0x00000000080014fc       0x14 ./Core/Src/system_stm32f7xx.o
                0x00000000080014fc                SystemInit
 .text.HAL_TIM_Base_MspInit
                0x0000000008001510       0x2c ./Core/Src/tim.o
                0x0000000008001510                HAL_TIM_Base_MspInit
 .text.HAL_UART_MspInit
                0x000000000800153c       0x70 ./Core/Src/usart.o
                0x000000000800153c                HAL_UART_MspInit
 .text.Reset_Handler
                0x00000000080015ac       0x50 ./Core/Startup/startup_stm32f746vetx.o
                0x00000000080015ac                Reset_Handler
 .text.Default_Handler
                0x00000000080015fc        0x2 ./Core/Startup/startup_stm32f746vetx.o
                0x00000000080015fc                RTC_Alarm_IRQHandler
                0x00000000080015fc                EXTI2_IRQHandler
                0x00000000080015fc                TIM8_CC_IRQHandler
                0x00000000080015fc                UART8_IRQHandler
                0x00000000080015fc                SPI4_IRQHandler
                0x00000000080015fc                TIM1_CC_IRQHandler
                0x00000000080015fc                DMA2_Stream5_IRQHandler
                0x00000000080015fc                DMA1_Stream5_IRQHandler
                0x00000000080015fc                PVD_IRQHandler
                0x00000000080015fc                TAMP_STAMP_IRQHandler
                0x00000000080015fc                CAN2_RX1_IRQHandler
                0x00000000080015fc                EXTI3_IRQHandler
                0x00000000080015fc                TIM8_TRG_COM_TIM14_IRQHandler
                0x00000000080015fc                TIM1_UP_TIM10_IRQHandler
                0x00000000080015fc                TIM8_UP_TIM13_IRQHandler
                0x00000000080015fc                I2C3_ER_IRQHandler
                0x00000000080015fc                EXTI0_IRQHandler
                0x00000000080015fc                I2C2_EV_IRQHandler
                0x00000000080015fc                DMA1_Stream2_IRQHandler
                0x00000000080015fc                CAN1_RX0_IRQHandler
                0x00000000080015fc                FPU_IRQHandler
                0x00000000080015fc                OTG_HS_WKUP_IRQHandler
                0x00000000080015fc                LTDC_ER_IRQHandler
                0x00000000080015fc                CAN2_SCE_IRQHandler
                0x00000000080015fc                DMA2_Stream2_IRQHandler
                0x00000000080015fc                SPI1_IRQHandler
                0x00000000080015fc                TIM6_DAC_IRQHandler
                0x00000000080015fc                TIM1_BRK_TIM9_IRQHandler
                0x00000000080015fc                DCMI_IRQHandler
                0x00000000080015fc                CAN2_RX0_IRQHandler
                0x00000000080015fc                DMA2_Stream3_IRQHandler
                0x00000000080015fc                SAI2_IRQHandler
                0x00000000080015fc                USART6_IRQHandler
                0x00000000080015fc                USART3_IRQHandler
                0x00000000080015fc                CAN1_RX1_IRQHandler
                0x00000000080015fc                UART5_IRQHandler
                0x00000000080015fc                DMA2_Stream0_IRQHandler
                0x00000000080015fc                TIM4_IRQHandler
                0x00000000080015fc                QUADSPI_IRQHandler
                0x00000000080015fc                I2C1_EV_IRQHandler
                0x00000000080015fc                DMA1_Stream6_IRQHandler
                0x00000000080015fc                DMA1_Stream1_IRQHandler
                0x00000000080015fc                UART4_IRQHandler
                0x00000000080015fc                TIM3_IRQHandler
                0x00000000080015fc                RCC_IRQHandler
                0x00000000080015fc                TIM8_BRK_TIM12_IRQHandler
                0x00000000080015fc                Default_Handler
                0x00000000080015fc                CEC_IRQHandler
                0x00000000080015fc                EXTI15_10_IRQHandler
                0x00000000080015fc                ADC_IRQHandler
                0x00000000080015fc                DMA1_Stream7_IRQHandler
                0x00000000080015fc                SPI5_IRQHandler
                0x00000000080015fc                TIM7_IRQHandler
                0x00000000080015fc                SDMMC1_IRQHandler
                0x00000000080015fc                CAN2_TX_IRQHandler
                0x00000000080015fc                TIM5_IRQHandler
                0x00000000080015fc                DMA2_Stream7_IRQHandler
                0x00000000080015fc                I2C3_EV_IRQHandler
                0x00000000080015fc                EXTI9_5_IRQHandler
                0x00000000080015fc                RTC_WKUP_IRQHandler
                0x00000000080015fc                LTDC_IRQHandler
                0x00000000080015fc                ETH_WKUP_IRQHandler
                0x00000000080015fc                SPDIF_RX_IRQHandler
                0x00000000080015fc                SPI2_IRQHandler
                0x00000000080015fc                OTG_HS_EP1_IN_IRQHandler
                0x00000000080015fc                DMA1_Stream0_IRQHandler
                0x00000000080015fc                CAN1_TX_IRQHandler
                0x00000000080015fc                EXTI4_IRQHandler
                0x00000000080015fc                RNG_IRQHandler
                0x00000000080015fc                ETH_IRQHandler
                0x00000000080015fc                OTG_HS_EP1_OUT_IRQHandler
                0x00000000080015fc                WWDG_IRQHandler
                0x00000000080015fc                SPI6_IRQHandler
                0x00000000080015fc                I2C4_EV_IRQHandler
                0x00000000080015fc                TIM2_IRQHandler
                0x00000000080015fc                OTG_FS_WKUP_IRQHandler
                0x00000000080015fc                TIM1_TRG_COM_TIM11_IRQHandler
                0x00000000080015fc                OTG_HS_IRQHandler
                0x00000000080015fc                DMA2D_IRQHandler
                0x00000000080015fc                EXTI1_IRQHandler
                0x00000000080015fc                UART7_IRQHandler
                0x00000000080015fc                USART2_IRQHandler
                0x00000000080015fc                I2C2_ER_IRQHandler
                0x00000000080015fc                DMA2_Stream1_IRQHandler
                0x00000000080015fc                CAN1_SCE_IRQHandler
                0x00000000080015fc                FLASH_IRQHandler
                0x00000000080015fc                DMA2_Stream4_IRQHandler
                0x00000000080015fc                OTG_FS_IRQHandler
                0x00000000080015fc                SPI3_IRQHandler
                0x00000000080015fc                DMA1_Stream4_IRQHandler
                0x00000000080015fc                I2C1_ER_IRQHandler
                0x00000000080015fc                FMC_IRQHandler
                0x00000000080015fc                LPTIM1_IRQHandler
                0x00000000080015fc                I2C4_ER_IRQHandler
                0x00000000080015fc                DMA2_Stream6_IRQHandler
                0x00000000080015fc                SAI1_IRQHandler
                0x00000000080015fc                DMA1_Stream3_IRQHandler
 *fill*         0x00000000080015fe        0x2 
 .text.HAL_InitTick
                0x0000000008001600       0x48 ./Drivers/STM32F7xx_HAL_Driver/Src/stm32f7xx_hal.o
                0x0000000008001600                HAL_InitTick
 .text.HAL_Init
                0x0000000008001648       0x16 ./Drivers/STM32F7xx_HAL_Driver/Src/stm32f7xx_hal.o
                0x0000000008001648                HAL_Init
 *fill*         0x000000000800165e        0x2 
 .text.HAL_IncTick
                0x0000000008001660       0x18 ./Drivers/STM32F7xx_HAL_Driver/Src/stm32f7xx_hal.o
                0x0000000008001660                HAL_IncTick
 .text.HAL_GetTick
                0x0000000008001678        0xc ./Drivers/STM32F7xx_HAL_Driver/Src/stm32f7xx_hal.o
                0x0000000008001678                HAL_GetTick
 .text.HAL_Delay
                0x0000000008001684       0x28 ./Drivers/STM32F7xx_HAL_Driver/Src/stm32f7xx_hal.o
                0x0000000008001684                HAL_Delay
 .text.HAL_ADC_Init
                0x00000000080016ac      0x184 ./Drivers/STM32F7xx_HAL_Driver/Src/stm32f7xx_hal_adc.o
                0x00000000080016ac                HAL_ADC_Init
 .text.HAL_ADC_Start_DMA
                0x0000000008001830      0x18c ./Drivers/STM32F7xx_HAL_Driver/Src/stm32f7xx_hal_adc.o
                0x0000000008001830                HAL_ADC_Start_DMA
 .text.HAL_ADC_ConvCpltCallback
                0x00000000080019bc        0x2 ./Drivers/STM32F7xx_HAL_Driver/Src/stm32f7xx_hal_adc.o
                0x00000000080019bc                HAL_ADC_ConvCpltCallback
 .text.HAL_ADC_ConvHalfCpltCallback
                0x00000000080019be        0x2 ./Drivers/STM32F7xx_HAL_Driver/Src/stm32f7xx_hal_adc.o
                0x00000000080019be                HAL_ADC_ConvHalfCpltCallback
 .text.ADC_DMAHalfConvCplt
                0x00000000080019c0        0xa ./Drivers/STM32F7xx_HAL_Driver/Src/stm32f7xx_hal_adc.o
 .text.HAL_ADC_ErrorCallback
                0x00000000080019ca        0x2 ./Drivers/STM32F7xx_HAL_Driver/Src/stm32f7xx_hal_adc.o
                0x00000000080019ca                HAL_ADC_ErrorCallback
 .text.ADC_DMAError
                0x00000000080019cc       0x16 ./Drivers/STM32F7xx_HAL_Driver/Src/stm32f7xx_hal_adc.o
 .text.ADC_DMAConvCplt
                0x00000000080019e2       0x72 ./Drivers/STM32F7xx_HAL_Driver/Src/stm32f7xx_hal_adc.o
 .text.HAL_ADC_ConfigChannel
                0x0000000008001a54      0x1d0 ./Drivers/STM32F7xx_HAL_Driver/Src/stm32f7xx_hal_adc.o
                0x0000000008001a54                HAL_ADC_ConfigChannel
 .text.HAL_NVIC_SetPriorityGrouping
                0x0000000008001c24       0x24 ./Drivers/STM32F7xx_HAL_Driver/Src/stm32f7xx_hal_cortex.o
                0x0000000008001c24                HAL_NVIC_SetPriorityGrouping
 .text.HAL_NVIC_SetPriority
                0x0000000008001c48       0x60 ./Drivers/STM32F7xx_HAL_Driver/Src/stm32f7xx_hal_cortex.o
                0x0000000008001c48                HAL_NVIC_SetPriority
 .text.HAL_NVIC_SystemReset
                0x0000000008001ca8       0x24 ./Drivers/STM32F7xx_HAL_Driver/Src/stm32f7xx_hal_cortex.o
                0x0000000008001ca8                HAL_NVIC_SystemReset
 .text.HAL_SYSTICK_Config
                0x0000000008001ccc       0x2c ./Drivers/STM32F7xx_HAL_Driver/Src/stm32f7xx_hal_cortex.o
                0x0000000008001ccc                HAL_SYSTICK_Config
 .text.DMA_CalcBaseAndBitshift
                0x0000000008001cf8       0x38 ./Drivers/STM32F7xx_HAL_Driver/Src/stm32f7xx_hal_dma.o
 .text.HAL_DMA_Init
                0x0000000008001d30      0x130 ./Drivers/STM32F7xx_HAL_Driver/Src/stm32f7xx_hal_dma.o
                0x0000000008001d30                HAL_DMA_Init
 .text.HAL_DMA_Start_IT
                0x0000000008001e60       0x94 ./Drivers/STM32F7xx_HAL_Driver/Src/stm32f7xx_hal_dma.o
                0x0000000008001e60                HAL_DMA_Start_IT
 .text.HAL_GPIO_Init
                0x0000000008001ef4      0x1f0 ./Drivers/STM32F7xx_HAL_Driver/Src/stm32f7xx_hal_gpio.o
                0x0000000008001ef4                HAL_GPIO_Init
 .text.HAL_GPIO_ReadPin
                0x00000000080020e4        0xc ./Drivers/STM32F7xx_HAL_Driver/Src/stm32f7xx_hal_gpio.o
                0x00000000080020e4                HAL_GPIO_ReadPin
 .text.HAL_GPIO_WritePin
                0x00000000080020f0        0xc ./Drivers/STM32F7xx_HAL_Driver/Src/stm32f7xx_hal_gpio.o
                0x00000000080020f0                HAL_GPIO_WritePin
 .text.HAL_GPIO_TogglePin
                0x00000000080020fc       0x12 ./Drivers/STM32F7xx_HAL_Driver/Src/stm32f7xx_hal_gpio.o
                0x00000000080020fc                HAL_GPIO_TogglePin
 .text.I2C_Flush_TXDR
                0x000000000800210e       0x22 ./Drivers/STM32F7xx_HAL_Driver/Src/stm32f7xx_hal_i2c.o
 .text.I2C_TransferConfig
                0x0000000008002130       0x36 ./Drivers/STM32F7xx_HAL_Driver/Src/stm32f7xx_hal_i2c.o
 .text.I2C_IsAcknowledgeFailed
                0x0000000008002166       0x90 ./Drivers/STM32F7xx_HAL_Driver/Src/stm32f7xx_hal_i2c.o
 .text.I2C_WaitOnTXISFlagUntilTimeout
                0x00000000080021f6       0x56 ./Drivers/STM32F7xx_HAL_Driver/Src/stm32f7xx_hal_i2c.o
 .text.I2C_WaitOnFlagUntilTimeout
                0x000000000800224c       0x5c ./Drivers/STM32F7xx_HAL_Driver/Src/stm32f7xx_hal_i2c.o
 .text.I2C_RequestMemoryWrite
                0x00000000080022a8       0x7c ./Drivers/STM32F7xx_HAL_Driver/Src/stm32f7xx_hal_i2c.o
 .text.I2C_RequestMemoryRead
                0x0000000008002324       0x78 ./Drivers/STM32F7xx_HAL_Driver/Src/stm32f7xx_hal_i2c.o
 .text.I2C_WaitOnSTOPFlagUntilTimeout
                0x000000000800239c       0x50 ./Drivers/STM32F7xx_HAL_Driver/Src/stm32f7xx_hal_i2c.o
 .text.HAL_I2C_Init
                0x00000000080023ec       0xb4 ./Drivers/STM32F7xx_HAL_Driver/Src/stm32f7xx_hal_i2c.o
                0x00000000080023ec                HAL_I2C_Init
 .text.HAL_I2C_Mem_Write
                0x00000000080024a0      0x1b0 ./Drivers/STM32F7xx_HAL_Driver/Src/stm32f7xx_hal_i2c.o
                0x00000000080024a0                HAL_I2C_Mem_Write
 .text.HAL_I2C_Mem_Read
                0x0000000008002650      0x1bc ./Drivers/STM32F7xx_HAL_Driver/Src/stm32f7xx_hal_i2c.o
                0x0000000008002650                HAL_I2C_Mem_Read
 .text.HAL_I2CEx_ConfigAnalogFilter
                0x000000000800280c       0x5c ./Drivers/STM32F7xx_HAL_Driver/Src/stm32f7xx_hal_i2c_ex.o
                0x000000000800280c                HAL_I2CEx_ConfigAnalogFilter
 .text.HAL_I2CEx_ConfigDigitalFilter
                0x0000000008002868       0x58 ./Drivers/STM32F7xx_HAL_Driver/Src/stm32f7xx_hal_i2c_ex.o
                0x0000000008002868                HAL_I2CEx_ConfigDigitalFilter
 .text.HAL_PWR_EnableBkUpAccess
                0x00000000080028c0       0x10 ./Drivers/STM32F7xx_HAL_Driver/Src/stm32f7xx_hal_pwr.o
                0x00000000080028c0                HAL_PWR_EnableBkUpAccess
 .text.HAL_RCC_OscConfig
                0x00000000080028d0      0x438 ./Drivers/STM32F7xx_HAL_Driver/Src/stm32f7xx_hal_rcc.o
                0x00000000080028d0                HAL_RCC_OscConfig
 .text.HAL_RCC_GetSysClockFreq
                0x0000000008002d08       0xa0 ./Drivers/STM32F7xx_HAL_Driver/Src/stm32f7xx_hal_rcc.o
                0x0000000008002d08                HAL_RCC_GetSysClockFreq
 .text.HAL_RCC_ClockConfig
                0x0000000008002da8      0x170 ./Drivers/STM32F7xx_HAL_Driver/Src/stm32f7xx_hal_rcc.o
                0x0000000008002da8                HAL_RCC_ClockConfig
 .text.HAL_RCC_GetPCLK1Freq
                0x0000000008002f18       0x20 ./Drivers/STM32F7xx_HAL_Driver/Src/stm32f7xx_hal_rcc.o
                0x0000000008002f18                HAL_RCC_GetPCLK1Freq
 .text.HAL_RCC_GetPCLK2Freq
                0x0000000008002f38       0x20 ./Drivers/STM32F7xx_HAL_Driver/Src/stm32f7xx_hal_rcc.o
                0x0000000008002f38                HAL_RCC_GetPCLK2Freq
 .text.HAL_RCCEx_PeriphCLKConfig
                0x0000000008002f58      0x5a0 ./Drivers/STM32F7xx_HAL_Driver/Src/stm32f7xx_hal_rcc_ex.o
                0x0000000008002f58                HAL_RCCEx_PeriphCLKConfig
 .text.SPI_WaitFlagStateUntilTimeout
                0x00000000080034f8       0xe0 ./Drivers/STM32F7xx_HAL_Driver/Src/stm32f7xx_hal_spi.o
 .text.SPI_WaitFifoStateUntilTimeout
                0x00000000080035d8       0xf4 ./Drivers/STM32F7xx_HAL_Driver/Src/stm32f7xx_hal_spi.o
 .text.SPI_EndRxTxTransaction
                0x00000000080036cc       0x62 ./Drivers/STM32F7xx_HAL_Driver/Src/stm32f7xx_hal_spi.o
 .text.SPI_EndRxTransaction
                0x000000000800372e       0x82 ./Drivers/STM32F7xx_HAL_Driver/Src/stm32f7xx_hal_spi.o
 .text.HAL_SPI_Init
                0x00000000080037b0       0xe4 ./Drivers/STM32F7xx_HAL_Driver/Src/stm32f7xx_hal_spi.o
                0x00000000080037b0                HAL_SPI_Init
 .text.HAL_SPI_Transmit
                0x0000000008003894      0x1ea ./Drivers/STM32F7xx_HAL_Driver/Src/stm32f7xx_hal_spi.o
                0x0000000008003894                HAL_SPI_Transmit
 .text.HAL_SPI_TransmitReceive
                0x0000000008003a7e      0x2c0 ./Drivers/STM32F7xx_HAL_Driver/Src/stm32f7xx_hal_spi.o
                0x0000000008003a7e                HAL_SPI_TransmitReceive
 .text.HAL_SPI_Receive
                0x0000000008003d3e      0x1a4 ./Drivers/STM32F7xx_HAL_Driver/Src/stm32f7xx_hal_spi.o
                0x0000000008003d3e                HAL_SPI_Receive
 *fill*         0x0000000008003ee2        0x2 
 .text.TIM_OC1_SetConfig
                0x0000000008003ee4       0x5c ./Drivers/STM32F7xx_HAL_Driver/Src/stm32f7xx_hal_tim.o
 .text.TIM_OC3_SetConfig
                0x0000000008003f40       0x64 ./Drivers/STM32F7xx_HAL_Driver/Src/stm32f7xx_hal_tim.o
 .text.TIM_OC4_SetConfig
                0x0000000008003fa4       0x54 ./Drivers/STM32F7xx_HAL_Driver/Src/stm32f7xx_hal_tim.o
 .text.TIM_OC5_SetConfig
                0x0000000008003ff8       0x50 ./Drivers/STM32F7xx_HAL_Driver/Src/stm32f7xx_hal_tim.o
 .text.TIM_OC6_SetConfig
                0x0000000008004048       0x54 ./Drivers/STM32F7xx_HAL_Driver/Src/stm32f7xx_hal_tim.o
 .text.HAL_TIM_PWM_MspInit
                0x000000000800409c        0x2 ./Drivers/STM32F7xx_HAL_Driver/Src/stm32f7xx_hal_tim.o
                0x000000000800409c                HAL_TIM_PWM_MspInit
 *fill*         0x000000000800409e        0x2 
 .text.TIM_Base_SetConfig
                0x00000000080040a0       0xe8 ./Drivers/STM32F7xx_HAL_Driver/Src/stm32f7xx_hal_tim.o
                0x00000000080040a0                TIM_Base_SetConfig
 .text.HAL_TIM_Base_Init
                0x0000000008004188       0x60 ./Drivers/STM32F7xx_HAL_Driver/Src/stm32f7xx_hal_tim.o
                0x0000000008004188                HAL_TIM_Base_Init
 .text.HAL_TIM_PWM_Init
                0x00000000080041e8       0x60 ./Drivers/STM32F7xx_HAL_Driver/Src/stm32f7xx_hal_tim.o
                0x00000000080041e8                HAL_TIM_PWM_Init
 .text.TIM_OC2_SetConfig
                0x0000000008004248       0x64 ./Drivers/STM32F7xx_HAL_Driver/Src/stm32f7xx_hal_tim.o
                0x0000000008004248                TIM_OC2_SetConfig
 .text.HAL_TIM_PWM_ConfigChannel
                0x00000000080042ac      0x128 ./Drivers/STM32F7xx_HAL_Driver/Src/stm32f7xx_hal_tim.o
                0x00000000080042ac                HAL_TIM_PWM_ConfigChannel
 .text.TIM_ETR_SetConfig
                0x00000000080043d4       0x18 ./Drivers/STM32F7xx_HAL_Driver/Src/stm32f7xx_hal_tim.o
                0x00000000080043d4                TIM_ETR_SetConfig
 .text.HAL_TIM_ConfigClockSource
                0x00000000080043ec      0x148 ./Drivers/STM32F7xx_HAL_Driver/Src/stm32f7xx_hal_tim.o
                0x00000000080043ec                HAL_TIM_ConfigClockSource
 .text.TIM_CCxChannelCmd
                0x0000000008004534       0x20 ./Drivers/STM32F7xx_HAL_Driver/Src/stm32f7xx_hal_tim.o
                0x0000000008004534                TIM_CCxChannelCmd
 .text.HAL_TIM_PWM_Start
                0x0000000008004554      0x150 ./Drivers/STM32F7xx_HAL_Driver/Src/stm32f7xx_hal_tim.o
                0x0000000008004554                HAL_TIM_PWM_Start
 .text.UART_SetConfig
                0x00000000080046a4      0x384 ./Drivers/STM32F7xx_HAL_Driver/Src/stm32f7xx_hal_uart.o
                0x00000000080046a4                UART_SetConfig
 .text.UART_AdvFeatureConfig
                0x0000000008004a28       0xca ./Drivers/STM32F7xx_HAL_Driver/Src/stm32f7xx_hal_uart.o
                0x0000000008004a28                UART_AdvFeatureConfig
 .text.UART_WaitOnFlagUntilTimeout
                0x0000000008004af2       0xb2 ./Drivers/STM32F7xx_HAL_Driver/Src/stm32f7xx_hal_uart.o
                0x0000000008004af2                UART_WaitOnFlagUntilTimeout
 .text.UART_CheckIdleState
                0x0000000008004ba4       0x48 ./Drivers/STM32F7xx_HAL_Driver/Src/stm32f7xx_hal_uart.o
                0x0000000008004ba4                UART_CheckIdleState
 .text.HAL_UART_Init
                0x0000000008004bec       0x62 ./Drivers/STM32F7xx_HAL_Driver/Src/stm32f7xx_hal_uart.o
                0x0000000008004bec                HAL_UART_Init
 .text.TimerCallback
                0x0000000008004c4e       0x10 ./Middlewares/Third_Party/FreeRTOS/Source/CMSIS_RTOS_V2/cmsis_os2.o
 *fill*         0x0000000008004c5e        0x2 
 .text.osKernelInitialize
                0x0000000008004c60       0x3c ./Middlewares/Third_Party/FreeRTOS/Source/CMSIS_RTOS_V2/cmsis_os2.o
                0x0000000008004c60                osKernelInitialize
 .text.osKernelStart
                0x0000000008004c9c       0x48 ./Middlewares/Third_Party/FreeRTOS/Source/CMSIS_RTOS_V2/cmsis_os2.o
                0x0000000008004c9c                osKernelStart
 .text.osThreadNew
                0x0000000008004ce4       0xb0 ./Middlewares/Third_Party/FreeRTOS/Source/CMSIS_RTOS_V2/cmsis_os2.o
                0x0000000008004ce4                osThreadNew
 .text.osThreadTerminate
                0x0000000008004d94       0x50 ./Middlewares/Third_Party/FreeRTOS/Source/CMSIS_RTOS_V2/cmsis_os2.o
                0x0000000008004d94                osThreadTerminate
 .text.osThreadFlagsSet
                0x0000000008004de4       0x90 ./Middlewares/Third_Party/FreeRTOS/Source/CMSIS_RTOS_V2/cmsis_os2.o
                0x0000000008004de4                osThreadFlagsSet
 .text.osThreadFlagsWait
                0x0000000008004e74       0xe0 ./Middlewares/Third_Party/FreeRTOS/Source/CMSIS_RTOS_V2/cmsis_os2.o
                0x0000000008004e74                osThreadFlagsWait
 .text.osTimerNew
                0x0000000008004f54       0x90 ./Middlewares/Third_Party/FreeRTOS/Source/CMSIS_RTOS_V2/cmsis_os2.o
                0x0000000008004f54                osTimerNew
 .text.osTimerStart
                0x0000000008004fe4       0x54 ./Middlewares/Third_Party/FreeRTOS/Source/CMSIS_RTOS_V2/cmsis_os2.o
                0x0000000008004fe4                osTimerStart
 .text.osMutexNew
                0x0000000008005038       0xa0 ./Middlewares/Third_Party/FreeRTOS/Source/CMSIS_RTOS_V2/cmsis_os2.o
                0x0000000008005038                osMutexNew
 .text.osMutexAcquire
                0x00000000080050d8       0x7c ./Middlewares/Third_Party/FreeRTOS/Source/CMSIS_RTOS_V2/cmsis_os2.o
                0x00000000080050d8                osMutexAcquire
 .text.osMutexRelease
                0x0000000008005154       0x68 ./Middlewares/Third_Party/FreeRTOS/Source/CMSIS_RTOS_V2/cmsis_os2.o
                0x0000000008005154                osMutexRelease
 .text.osMessageQueueNew
                0x00000000080051bc       0xac ./Middlewares/Third_Party/FreeRTOS/Source/CMSIS_RTOS_V2/cmsis_os2.o
                0x00000000080051bc                osMessageQueueNew
 .text.osMessageQueuePut
                0x0000000008005268       0x94 ./Middlewares/Third_Party/FreeRTOS/Source/CMSIS_RTOS_V2/cmsis_os2.o
                0x0000000008005268                osMessageQueuePut
 .text.osMessageQueueGet
                0x00000000080052fc       0x94 ./Middlewares/Third_Party/FreeRTOS/Source/CMSIS_RTOS_V2/cmsis_os2.o
                0x00000000080052fc                osMessageQueueGet
 .text.vApplicationGetIdleTaskMemory
                0x0000000008005390       0x18 ./Middlewares/Third_Party/FreeRTOS/Source/CMSIS_RTOS_V2/cmsis_os2.o
                0x0000000008005390                vApplicationGetIdleTaskMemory
 .text.vApplicationGetTimerTaskMemory
                0x00000000080053a8       0x18 ./Middlewares/Third_Party/FreeRTOS/Source/CMSIS_RTOS_V2/cmsis_os2.o
                0x00000000080053a8                vApplicationGetTimerTaskMemory
 .text.vListInitialise
                0x00000000080053c0       0x16 ./Middlewares/Third_Party/FreeRTOS/Source/list.o
                0x00000000080053c0                vListInitialise
 .text.vListInitialiseItem
                0x00000000080053d6        0x6 ./Middlewares/Third_Party/FreeRTOS/Source/list.o
                0x00000000080053d6                vListInitialiseItem
 .text.vListInsertEnd
                0x00000000080053dc       0x16 ./Middlewares/Third_Party/FreeRTOS/Source/list.o
                0x00000000080053dc                vListInsertEnd
 .text.vListInsert
                0x00000000080053f2       0x32 ./Middlewares/Third_Party/FreeRTOS/Source/list.o
                0x00000000080053f2                vListInsert
 .text.uxListRemove
                0x0000000008005424       0x26 ./Middlewares/Third_Party/FreeRTOS/Source/list.o
                0x0000000008005424                uxListRemove
 .text.prvIsQueueEmpty
                0x000000000800544a       0x16 ./Middlewares/Third_Party/FreeRTOS/Source/queue.o
 .text.prvCopyDataToQueue
                0x0000000008005460       0x72 ./Middlewares/Third_Party/FreeRTOS/Source/queue.o
 .text.prvCopyDataFromQueue
                0x00000000080054d2       0x24 ./Middlewares/Third_Party/FreeRTOS/Source/queue.o
 .text.prvUnlockQueue
                0x00000000080054f6       0x76 ./Middlewares/Third_Party/FreeRTOS/Source/queue.o
 .text.xQueueGenericReset
                0x000000000800556c       0x88 ./Middlewares/Third_Party/FreeRTOS/Source/queue.o
                0x000000000800556c                xQueueGenericReset
 .text.xQueueGenericCreateStatic
                0x00000000080055f4       0xb6 ./Middlewares/Third_Party/FreeRTOS/Source/queue.o
                0x00000000080055f4                xQueueGenericCreateStatic
 .text.xQueueGenericCreate
                0x00000000080056aa       0x54 ./Middlewares/Third_Party/FreeRTOS/Source/queue.o
                0x00000000080056aa                xQueueGenericCreate
 *fill*         0x00000000080056fe        0x2 
 .text.xQueueGenericSend
                0x0000000008005700      0x1a0 ./Middlewares/Third_Party/FreeRTOS/Source/queue.o
                0x0000000008005700                xQueueGenericSend
 .text.prvInitialiseMutex
                0x00000000080058a0       0x18 ./Middlewares/Third_Party/FreeRTOS/Source/queue.o
 .text.xQueueCreateMutex
                0x00000000080058b8       0x16 ./Middlewares/Third_Party/FreeRTOS/Source/queue.o
                0x00000000080058b8                xQueueCreateMutex
 .text.xQueueCreateMutexStatic
                0x00000000080058ce       0x1e ./Middlewares/Third_Party/FreeRTOS/Source/queue.o
                0x00000000080058ce                xQueueCreateMutexStatic
 .text.xQueueGiveMutexRecursive
                0x00000000080058ec       0x44 ./Middlewares/Third_Party/FreeRTOS/Source/queue.o
                0x00000000080058ec                xQueueGiveMutexRecursive
 .text.xQueueGenericSendFromISR
                0x0000000008005930       0xda ./Middlewares/Third_Party/FreeRTOS/Source/queue.o
                0x0000000008005930                xQueueGenericSendFromISR
 *fill*         0x0000000008005a0a        0x2 
 .text.xQueueReceive
                0x0000000008005a0c      0x170 ./Middlewares/Third_Party/FreeRTOS/Source/queue.o
                0x0000000008005a0c                xQueueReceive
 .text.xQueueSemaphoreTake
                0x0000000008005b7c      0x1c0 ./Middlewares/Third_Party/FreeRTOS/Source/queue.o
                0x0000000008005b7c                xQueueSemaphoreTake
 .text.xQueueTakeMutexRecursive
                0x0000000008005d3c       0x48 ./Middlewares/Third_Party/FreeRTOS/Source/queue.o
                0x0000000008005d3c                xQueueTakeMutexRecursive
 .text.xQueueReceiveFromISR
                0x0000000008005d84       0xb4 ./Middlewares/Third_Party/FreeRTOS/Source/queue.o
                0x0000000008005d84                xQueueReceiveFromISR
 .text.vQueueAddToRegistry
                0x0000000008005e38       0x2c ./Middlewares/Third_Party/FreeRTOS/Source/queue.o
                0x0000000008005e38                vQueueAddToRegistry
 .text.vQueueWaitForMessageRestricted
                0x0000000008005e64       0x52 ./Middlewares/Third_Party/FreeRTOS/Source/queue.o
                0x0000000008005e64                vQueueWaitForMessageRestricted
 *fill*         0x0000000008005eb6        0x2 
 .text.prvResetNextTaskUnblockTime
                0x0000000008005eb8       0x2c ./Middlewares/Third_Party/FreeRTOS/Source/tasks.o
 .text.prvInitialiseNewTask
                0x0000000008005ee4       0xa2 ./Middlewares/Third_Party/FreeRTOS/Source/tasks.o
 *fill*         0x0000000008005f86        0x2 
 .text.prvAddNewTaskToReadyList
                0x0000000008005f88      0x100 ./Middlewares/Third_Party/FreeRTOS/Source/tasks.o
 .text.prvDeleteTCB
                0x0000000008006088       0x3c ./Middlewares/Third_Party/FreeRTOS/Source/tasks.o
 .text.prvAddCurrentTaskToDelayedList
                0x00000000080060c4       0x7c ./Middlewares/Third_Party/FreeRTOS/Source/tasks.o
 .text.prvIdleTask
                0x0000000008006140       0x70 ./Middlewares/Third_Party/FreeRTOS/Source/tasks.o
 .text.xTaskCreateStatic
                0x00000000080061b0       0x80 ./Middlewares/Third_Party/FreeRTOS/Source/tasks.o
                0x00000000080061b0                xTaskCreateStatic
 .text.xTaskCreate
                0x0000000008006230       0x64 ./Middlewares/Third_Party/FreeRTOS/Source/tasks.o
                0x0000000008006230                xTaskCreate
 .text.vTaskDelete
                0x0000000008006294       0xbc ./Middlewares/Third_Party/FreeRTOS/Source/tasks.o
                0x0000000008006294                vTaskDelete
 .text.eTaskGetState
                0x0000000008006350       0x88 ./Middlewares/Third_Party/FreeRTOS/Source/tasks.o
                0x0000000008006350                eTaskGetState
 .text.vTaskStartScheduler
                0x00000000080063d8       0x94 ./Middlewares/Third_Party/FreeRTOS/Source/tasks.o
                0x00000000080063d8                vTaskStartScheduler
 .text.vTaskSuspendAll
                0x000000000800646c       0x10 ./Middlewares/Third_Party/FreeRTOS/Source/tasks.o
                0x000000000800646c                vTaskSuspendAll
 .text.xTaskGetTickCount
                0x000000000800647c        0xc ./Middlewares/Third_Party/FreeRTOS/Source/tasks.o
                0x000000000800647c                xTaskGetTickCount
 .text.xTaskIncrementTick
                0x0000000008006488      0x134 ./Middlewares/Third_Party/FreeRTOS/Source/tasks.o
                0x0000000008006488                xTaskIncrementTick
 .text.xTaskResumeAll
                0x00000000080065bc      0x108 ./Middlewares/Third_Party/FreeRTOS/Source/tasks.o
                0x00000000080065bc                xTaskResumeAll
 .text.vTaskSwitchContext
                0x00000000080066c4       0xa4 ./Middlewares/Third_Party/FreeRTOS/Source/tasks.o
                0x00000000080066c4                vTaskSwitchContext
 .text.vTaskPlaceOnEventList
                0x0000000008006768       0x34 ./Middlewares/Third_Party/FreeRTOS/Source/tasks.o
                0x0000000008006768                vTaskPlaceOnEventList
 .text.vTaskPlaceOnEventListRestricted
                0x000000000800679c       0x40 ./Middlewares/Third_Party/FreeRTOS/Source/tasks.o
                0x000000000800679c                vTaskPlaceOnEventListRestricted
 .text.xTaskRemoveFromEventList
                0x00000000080067dc       0x90 ./Middlewares/Third_Party/FreeRTOS/Source/tasks.o
                0x00000000080067dc                xTaskRemoveFromEventList
 .text.vTaskInternalSetTimeOutState
                0x000000000800686c       0x18 ./Middlewares/Third_Party/FreeRTOS/Source/tasks.o
                0x000000000800686c                vTaskInternalSetTimeOutState
 .text.xTaskCheckForTimeOut
                0x0000000008006884       0x8c ./Middlewares/Third_Party/FreeRTOS/Source/tasks.o
                0x0000000008006884                xTaskCheckForTimeOut
 .text.vTaskMissedYield
                0x0000000008006910        0xc ./Middlewares/Third_Party/FreeRTOS/Source/tasks.o
                0x0000000008006910                vTaskMissedYield
 .text.xTaskGetCurrentTaskHandle
                0x000000000800691c        0xc ./Middlewares/Third_Party/FreeRTOS/Source/tasks.o
                0x000000000800691c                xTaskGetCurrentTaskHandle
 .text.xTaskGetSchedulerState
                0x0000000008006928       0x20 ./Middlewares/Third_Party/FreeRTOS/Source/tasks.o
                0x0000000008006928                xTaskGetSchedulerState
 .text.xTaskPriorityInherit
                0x0000000008006948       0x94 ./Middlewares/Third_Party/FreeRTOS/Source/tasks.o
                0x0000000008006948                xTaskPriorityInherit
 .text.xTaskPriorityDisinherit
                0x00000000080069dc       0x94 ./Middlewares/Third_Party/FreeRTOS/Source/tasks.o
                0x00000000080069dc                xTaskPriorityDisinherit
 .text.vTaskPriorityDisinheritAfterTimeout
                0x0000000008006a70       0xac ./Middlewares/Third_Party/FreeRTOS/Source/tasks.o
                0x0000000008006a70                vTaskPriorityDisinheritAfterTimeout
 .text.pvTaskIncrementMutexHeldCount
                0x0000000008006b1c       0x1c ./Middlewares/Third_Party/FreeRTOS/Source/tasks.o
                0x0000000008006b1c                pvTaskIncrementMutexHeldCount
 .text.xTaskNotifyWait
                0x0000000008006b38       0x98 ./Middlewares/Third_Party/FreeRTOS/Source/tasks.o
                0x0000000008006b38                xTaskNotifyWait
 .text.xTaskGenericNotify
                0x0000000008006bd0      0x104 ./Middlewares/Third_Party/FreeRTOS/Source/tasks.o
                0x0000000008006bd0                xTaskGenericNotify
 .text.xTaskGenericNotifyFromISR
                0x0000000008006cd4      0x13c ./Middlewares/Third_Party/FreeRTOS/Source/tasks.o
                0x0000000008006cd4                xTaskGenericNotifyFromISR
 .text.prvInsertTimerInActiveList
                0x0000000008006e10       0x48 ./Middlewares/Third_Party/FreeRTOS/Source/timers.o
 .text.prvCheckForValidListAndQueue
                0x0000000008006e58       0x70 ./Middlewares/Third_Party/FreeRTOS/Source/timers.o
 .text.xTimerCreateTimerTask
                0x0000000008006ec8       0x68 ./Middlewares/Third_Party/FreeRTOS/Source/timers.o
                0x0000000008006ec8                xTimerCreateTimerTask
 .text.xTimerCreate
                0x0000000008006f30       0x62 ./Middlewares/Third_Party/FreeRTOS/Source/timers.o
                0x0000000008006f30                xTimerCreate
 .text.xTimerCreateStatic
                0x0000000008006f92       0x94 ./Middlewares/Third_Party/FreeRTOS/Source/timers.o
                0x0000000008006f92                xTimerCreateStatic
 *fill*         0x0000000008007026        0x2 
 .text.xTimerGenericCommand
                0x0000000008007028       0x64 ./Middlewares/Third_Party/FreeRTOS/Source/timers.o
                0x0000000008007028                xTimerGenericCommand
 .text.prvSampleTimeNow
                0x000000000800708c       0xb4 ./Middlewares/Third_Party/FreeRTOS/Source/timers.o
 .text.prvTimerTask
                0x0000000008007140      0x210 ./Middlewares/Third_Party/FreeRTOS/Source/timers.o
 .text.pvTimerGetTimerID
                0x0000000008007350       0x2a ./Middlewares/Third_Party/FreeRTOS/Source/timers.o
                0x0000000008007350                pvTimerGetTimerID
 *fill*         0x000000000800737a        0x2 
 .text.prvTaskExitError
                0x000000000800737c       0x48 ./Middlewares/Third_Party/FreeRTOS/Source/portable/GCC/ARM_CM7/r0p1/port.o
 .text.prvPortStartFirstTask
                0x00000000080073c4       0x28 ./Middlewares/Third_Party/FreeRTOS/Source/portable/GCC/ARM_CM7/r0p1/port.o
 .text.vPortEnableVFP
                0x00000000080073ec       0x14 ./Middlewares/Third_Party/FreeRTOS/Source/portable/GCC/ARM_CM7/r0p1/port.o
 .text.pxPortInitialiseStack
                0x0000000008007400       0x2c ./Middlewares/Third_Party/FreeRTOS/Source/portable/GCC/ARM_CM7/r0p1/port.o
                0x0000000008007400                pxPortInitialiseStack
 *fill*         0x000000000800742c        0x4 
 .text.SVC_Handler
                0x0000000008007430       0x24 ./Middlewares/Third_Party/FreeRTOS/Source/portable/GCC/ARM_CM7/r0p1/port.o
                0x0000000008007430                SVC_Handler
 .text.vPortEnterCritical
                0x0000000008007454       0x4c ./Middlewares/Third_Party/FreeRTOS/Source/portable/GCC/ARM_CM7/r0p1/port.o
                0x0000000008007454                vPortEnterCritical
 .text.vPortExitCritical
                0x00000000080074a0       0x30 ./Middlewares/Third_Party/FreeRTOS/Source/portable/GCC/ARM_CM7/r0p1/port.o
                0x00000000080074a0                vPortExitCritical
 .text.PendSV_Handler
                0x00000000080074d0       0x64 ./Middlewares/Third_Party/FreeRTOS/Source/portable/GCC/ARM_CM7/r0p1/port.o
                0x00000000080074d0                PendSV_Handler
 .text.xPortSysTickHandler
                0x0000000008007534       0x30 ./Middlewares/Third_Party/FreeRTOS/Source/portable/GCC/ARM_CM7/r0p1/port.o
                0x0000000008007534                xPortSysTickHandler
 .text.vPortSetupTimerInterrupt
                0x0000000008007564       0x38 ./Middlewares/Third_Party/FreeRTOS/Source/portable/GCC/ARM_CM7/r0p1/port.o
                0x0000000008007564                vPortSetupTimerInterrupt
 .text.xPortStartScheduler
                0x000000000800759c       0xd4 ./Middlewares/Third_Party/FreeRTOS/Source/portable/GCC/ARM_CM7/r0p1/port.o
                0x000000000800759c                xPortStartScheduler
 .text.vPortValidateInterruptPriority
                0x0000000008007670       0x64 ./Middlewares/Third_Party/FreeRTOS/Source/portable/GCC/ARM_CM7/r0p1/port.o
                0x0000000008007670                vPortValidateInterruptPriority
 .text.prvInsertBlockIntoFreeList
                0x00000000080076d4       0x58 ./Middlewares/Third_Party/FreeRTOS/Source/portable/MemMang/heap_4.o
 .text.pvPortMalloc
                0x000000000800772c      0x134 ./Middlewares/Third_Party/FreeRTOS/Source/portable/MemMang/heap_4.o
                0x000000000800772c                pvPortMalloc
 .text.vPortFree
                0x0000000008007860       0x78 ./Middlewares/Third_Party/FreeRTOS/Source/portable/MemMang/heap_4.o
                0x0000000008007860                vPortFree
 .text.app_low_timer_callback
                0x00000000080078d8       0x14 ./my_src/application/app_low.o
 .text.app_low_thread
                0x00000000080078ec       0x60 ./my_src/application/app_low.o
 .text.app_low_init
                0x000000000800794c       0x48 ./my_src/application/app_low.o
                0x000000000800794c                app_low_init
 .text.button_pressed_callback
                0x0000000008007994       0x64 ./my_src/application/app_low.o
                0x0000000008007994                button_pressed_callback
 .text.button_release_callback
                0x00000000080079f8        0x2 ./my_src/application/app_low.o
                0x00000000080079f8                button_release_callback
 .text.pwr_3v3_lp_rail_change_callback
                0x00000000080079fa        0xe ./my_src/application/app_low.o
                0x00000000080079fa                pwr_3v3_lp_rail_change_callback
 .text.pwr_battery_charging_callback
                0x0000000008007a08        0xa ./my_src/application/app_low.o
                0x0000000008007a08                pwr_battery_charging_callback
 *fill*         0x0000000008007a12        0x6 
 .text.display_update_home_page
                0x0000000008007a18      0x11c ./my_src/application/display.o
 .text.display_refresh_slow_timer_callback
                0x0000000008007b34        0x8 ./my_src/application/display.o
 .text.display_init
                0x0000000008007b3c       0x18 ./my_src/application/display.o
                0x0000000008007b3c                display_init
 .text.display_send_cmd
                0x0000000008007b54       0x24 ./my_src/application/display.o
                0x0000000008007b54                display_send_cmd
 .text.touch_timer_callback
                0x0000000008007b78        0xa ./my_src/application/display.o
 .text.display_refresh_timer_callback
                0x0000000008007b82        0xa ./my_src/application/display.o
 .text.display_thread
                0x0000000008007b8c      0x47c ./my_src/application/display.o
 .text.pwr_set_battery_charger_enable
                0x0000000008008008       0x18 ./my_src/application/pwr.o
 .text.pwr_set_battery_measure_enable
                0x0000000008008020       0x18 ./my_src/application/pwr.o
 .text.pwr_set_3v3_lp_precharge
                0x0000000008008038       0x18 ./my_src/application/pwr.o
 .text.pwr_set_usb_switch_enable
                0x0000000008008050       0x20 ./my_src/application/pwr.o
 .text.pwr_set_ext_switch_enable
                0x0000000008008070       0x20 ./my_src/application/pwr.o
 .text.pwr_init
                0x0000000008008090       0xd8 ./my_src/application/pwr.o
                0x0000000008008090                pwr_init
 .text.pwr_get_battery_soc
                0x0000000008008168        0xc ./my_src/application/pwr.o
                0x0000000008008168                pwr_get_battery_soc
 .text.pwr_get_is_battery_charging
                0x0000000008008174       0x14 ./my_src/application/pwr.o
                0x0000000008008174                pwr_get_is_battery_charging
 .text.pwr_hndl
                0x0000000008008188      0x684 ./my_src/application/pwr.o
                0x0000000008008188                pwr_hndl
 .text._25lcxxxx_read_status
                0x000000000800880c       0x2c ./my_src/drivers/devices/25lcxxxx/25lcxxxx/src/25lcxxxx.o
 .text._25lcxxxx_read_wip_flag
                0x0000000008008838       0x24 ./my_src/drivers/devices/25lcxxxx/25lcxxxx/src/25lcxxxx.o
 .text._25lcxxxx_init
                0x000000000800885c       0x48 ./my_src/drivers/devices/25lcxxxx/25lcxxxx/src/25lcxxxx.o
                0x000000000800885c                _25lcxxxx_init
 .text._25lcxxxx_deinit
                0x00000000080088a4       0x44 ./my_src/drivers/devices/25lcxxxx/25lcxxxx/src/25lcxxxx.o
                0x00000000080088a4                _25lcxxxx_deinit
 .text._25lcxxxx_write
                0x00000000080088e8       0xf0 ./my_src/drivers/devices/25lcxxxx/25lcxxxx/src/25lcxxxx.o
                0x00000000080088e8                _25lcxxxx_write
 .text._25lcxxxx_erase
                0x00000000080089d8       0x32 ./my_src/drivers/devices/25lcxxxx/25lcxxxx/src/25lcxxxx.o
                0x00000000080089d8                _25lcxxxx_erase
 .text._25lcxxxx_read
                0x0000000008008a0a       0x44 ./my_src/drivers/devices/25lcxxxx/25lcxxxx/src/25lcxxxx.o
                0x0000000008008a0a                _25lcxxxx_read
 .text._25lcxxxx_if_init
                0x0000000008008a4e        0x4 ./my_src/drivers/devices/25lcxxxx/25lcxxxx_if.o
                0x0000000008008a4e                _25lcxxxx_if_init
 .text._25lcxxxx_if_transmit
                0x0000000008008a52       0x16 ./my_src/drivers/devices/25lcxxxx/25lcxxxx_if.o
                0x0000000008008a52                _25lcxxxx_if_transmit
 .text._25lcxxxx_if_receive
                0x0000000008008a68       0x16 ./my_src/drivers/devices/25lcxxxx/25lcxxxx_if.o
                0x0000000008008a68                _25lcxxxx_if_receive
 .text._25lcxxxx_if_get_sys_time_ms
                0x0000000008008a7e        0x8 ./my_src/drivers/devices/25lcxxxx/25lcxxxx_if.o
                0x0000000008008a7e                _25lcxxxx_if_get_sys_time_ms
 *fill*         0x0000000008008a86        0x2 
 .text.ili9488_fill_rectangle
                0x0000000008008a88       0x34 ./my_src/drivers/devices/ili9488/ili9488/src/ili9488.o
 .text.ili9488_fill_circle
                0x0000000008008abc       0x28 ./my_src/drivers/devices/ili9488/ili9488/src/ili9488.o
 .text.ili9488_fill_round_rectangle
                0x0000000008008ae4       0xe4 ./my_src/drivers/devices/ili9488/ili9488/src/ili9488.o
 .text.ili9488_init
                0x0000000008008bc8       0x40 ./my_src/drivers/devices/ili9488/ili9488/src/ili9488.o
                0x0000000008008bc8                ili9488_init
 .text.ili9488_set_background
                0x0000000008008c08       0x4c ./my_src/drivers/devices/ili9488/ili9488/src/ili9488.o
                0x0000000008008c08                ili9488_set_background
 .text.ili9488_set_string_pen
                0x0000000008008c54       0x2c ./my_src/drivers/devices/ili9488/ili9488/src/ili9488.o
                0x0000000008008c54                ili9488_set_string_pen
 .text.ili9488_set_string
                0x0000000008008c80       0x38 ./my_src/drivers/devices/ili9488/ili9488/src/ili9488.o
                0x0000000008008c80                ili9488_set_string
 .text.ili9488_set_cursor
                0x0000000008008cb8       0x50 ./my_src/drivers/devices/ili9488/ili9488/src/ili9488.o
                0x0000000008008cb8                ili9488_set_cursor
 .text.ili9488_printf
                0x0000000008008d08       0xbc ./my_src/drivers/devices/ili9488/ili9488/src/ili9488.o
                0x0000000008008d08                ili9488_printf
 .text.ili9488_draw_rectangle
                0x0000000008008dc4       0xec ./my_src/drivers/devices/ili9488/ili9488/src/ili9488.o
                0x0000000008008dc4                ili9488_draw_rectangle
 .text.ili9488_draw_circle
                0x0000000008008eb0       0x6c ./my_src/drivers/devices/ili9488/ili9488/src/ili9488.o
                0x0000000008008eb0                ili9488_draw_circle
 .text.ili9488_set_backlight
                0x0000000008008f1c       0x3c ./my_src/drivers/devices/ili9488/ili9488/src/ili9488.o
                0x0000000008008f1c                ili9488_set_backlight
 .text.ili9488_get_backlight
                0x0000000008008f58       0x30 ./my_src/drivers/devices/ili9488/ili9488/src/ili9488.o
                0x0000000008008f58                ili9488_get_backlight
 .text.ili9488_driver_convert_color_to_rgb
                0x0000000008008f88       0x98 ./my_src/drivers/devices/ili9488/ili9488/src/ili9488_driver.o
 .text.ili9488_driver_soft_reset
                0x0000000008009020        0xe ./my_src/drivers/devices/ili9488/ili9488/src/ili9488_driver.o
                0x0000000008009020                ili9488_driver_soft_reset
 .text.ili9488_driver_set_display_on_off
                0x000000000800902e       0x1c ./my_src/drivers/devices/ili9488/ili9488/src/ili9488_driver.o
                0x000000000800902e                ili9488_driver_set_display_on_off
 .text.ili9488_driver_set_sleep_on_off
                0x000000000800904a       0x1c ./my_src/drivers/devices/ili9488/ili9488/src/ili9488_driver.o
                0x000000000800904a                ili9488_driver_set_sleep_on_off
 .text.ili9488_driver_get_orientation
                0x0000000008009066       0x32 ./my_src/drivers/devices/ili9488/ili9488/src/ili9488_driver.o
                0x0000000008009066                ili9488_driver_get_orientation
 .text.ili9488_driver_set_orientation
                0x0000000008009098       0x58 ./my_src/drivers/devices/ili9488/ili9488/src/ili9488_driver.o
                0x0000000008009098                ili9488_driver_set_orientation
 .text.ili9488_driver_read_pixel_format
                0x00000000080090f0       0x58 ./my_src/drivers/devices/ili9488/ili9488/src/ili9488_driver.o
                0x00000000080090f0                ili9488_driver_read_pixel_format
 .text.ili9488_driver_set_pixel_format
                0x0000000008009148       0x7c ./my_src/drivers/devices/ili9488/ili9488/src/ili9488_driver.o
                0x0000000008009148                ili9488_driver_set_pixel_format
 .text.ili9488_driver_init
                0x00000000080091c4      0x134 ./my_src/drivers/devices/ili9488/ili9488/src/ili9488_driver.o
                0x00000000080091c4                ili9488_driver_init
 .text.ili9488_driver_set_cursor
                0x00000000080092f8       0x78 ./my_src/drivers/devices/ili9488/ili9488/src/ili9488_driver.o
                0x00000000080092f8                ili9488_driver_set_cursor
 .text.ili9488_driver_set_pixel
                0x0000000008009370       0x3e ./my_src/drivers/devices/ili9488/ili9488/src/ili9488_driver.o
                0x0000000008009370                ili9488_driver_set_pixel
 .text.ili9488_driver_draw_hline
                0x00000000080093ae       0x34 ./my_src/drivers/devices/ili9488/ili9488/src/ili9488_driver.o
 *fill*         0x00000000080093e2        0x2 
 .text.ili9488_driver_fill_rectangle
                0x00000000080093e4       0x70 ./my_src/drivers/devices/ili9488/ili9488/src/ili9488_driver.o
                0x00000000080093e4                ili9488_driver_fill_rectangle
 .text.ili9488_driver_fill_circle
                0x0000000008009454      0x1fc ./my_src/drivers/devices/ili9488/ili9488/src/ili9488_driver.o
                0x0000000008009454                ili9488_driver_fill_circle
 .text.ili9488_driver_set_char
                0x0000000008009650       0xec ./my_src/drivers/devices/ili9488/ili9488/src/ili9488_driver.o
                0x0000000008009650                ili9488_driver_set_char
 .text.ili9488_driver_set_string
                0x000000000800973c       0x48 ./my_src/drivers/devices/ili9488/ili9488/src/ili9488_driver.o
                0x000000000800973c                ili9488_driver_set_string
 .text.ili9488_font_get
                0x0000000008009784       0x24 ./my_src/drivers/devices/ili9488/ili9488/src/ili9488_font.o
                0x0000000008009784                ili9488_font_get
 .text.ili9488_font_get_width
                0x00000000080097a8       0x24 ./my_src/drivers/devices/ili9488/ili9488/src/ili9488_font.o
                0x00000000080097a8                ili9488_font_get_width
 .text.ili9488_font_get_height
                0x00000000080097cc       0x24 ./my_src/drivers/devices/ili9488/ili9488/src/ili9488_font.o
                0x00000000080097cc                ili9488_font_get_height
 .text.ili9488_low_if_write_register
                0x00000000080097f0       0x4c ./my_src/drivers/devices/ili9488/ili9488/src/ili9488_low_if.o
                0x00000000080097f0                ili9488_low_if_write_register
 .text.ili9488_low_if_read_register
                0x000000000800983c       0x4c ./my_src/drivers/devices/ili9488/ili9488/src/ili9488_low_if.o
                0x000000000800983c                ili9488_low_if_read_register
 .text.ili9488_low_if_write_rgb_to_gram
                0x0000000008009888       0x58 ./my_src/drivers/devices/ili9488/ili9488/src/ili9488_low_if.o
                0x0000000008009888                ili9488_low_if_write_rgb_to_gram
 .text.ili9488_if_init
                0x00000000080098e0        0x4 ./my_src/drivers/devices/ili9488/ili9488_if.o
                0x00000000080098e0                ili9488_if_init
 .text.ili9488_if_set_cs
                0x00000000080098e4       0x18 ./my_src/drivers/devices/ili9488/ili9488_if.o
                0x00000000080098e4                ili9488_if_set_cs
 .text.ili9488_if_set_dc
                0x00000000080098fc       0x18 ./my_src/drivers/devices/ili9488/ili9488_if.o
                0x00000000080098fc                ili9488_if_set_dc
 .text.ili9488_if_set_reset
                0x0000000008009914       0x18 ./my_src/drivers/devices/ili9488/ili9488_if.o
                0x0000000008009914                ili9488_if_set_reset
 .text.ili9488_if_set_led
                0x000000000800992c        0xa ./my_src/drivers/devices/ili9488/ili9488_if.o
                0x000000000800992c                ili9488_if_set_led
 .text.ili9488_if_spi_transmit
                0x0000000008009936        0xe ./my_src/drivers/devices/ili9488/ili9488_if.o
                0x0000000008009936                ili9488_if_spi_transmit
 .text.ili9488_if_spi_receive
                0x0000000008009944        0xe ./my_src/drivers/devices/ili9488/ili9488_if.o
                0x0000000008009944                ili9488_if_spi_receive
 *fill*         0x0000000008009952        0x2 
 .text.stusb4500_ping_device
                0x0000000008009954       0x4c ./my_src/drivers/devices/stusb4500/stusb4500/src/stusb4500.o
 .text.stusb4500_clear_interrupts
                0x00000000080099a0       0x1e ./my_src/drivers/devices/stusb4500/stusb4500/src/stusb4500.o
 *fill*         0x00000000080099be        0x2 
 .text.stusb4500_read_device_pdo
                0x00000000080099c0       0xb8 ./my_src/drivers/devices/stusb4500/stusb4500/src/stusb4500.o
 .text.stusb4500_set_interrupt_mask
                0x0000000008009a78       0x1a ./my_src/drivers/devices/stusb4500/stusb4500/src/stusb4500.o
 *fill*         0x0000000008009a92        0x2 
 .text.stusb4500_write_device_pdo
                0x0000000008009a94       0xd4 ./my_src/drivers/devices/stusb4500/stusb4500/src/stusb4500.o
 .text.stusb4500_soft_reset
                0x0000000008009b68       0x28 ./my_src/drivers/devices/stusb4500/stusb4500/src/stusb4500.o
 .text.stusb4500_init
                0x0000000008009b90       0xb0 ./my_src/drivers/devices/stusb4500/stusb4500/src/stusb4500.o
                0x0000000008009b90                stusb4500_init
 .text.stusb4500_hndl
                0x0000000008009c40      0x130 ./my_src/drivers/devices/stusb4500/stusb4500/src/stusb4500.o
                0x0000000008009c40                stusb4500_hndl
 .text.stusb4500_get_status
                0x0000000008009d70       0x24 ./my_src/drivers/devices/stusb4500/stusb4500/src/stusb4500.o
                0x0000000008009d70                stusb4500_get_status
 .text.stusb4500_low_if_write_register
                0x0000000008009d94        0xe ./my_src/drivers/devices/stusb4500/stusb4500/src/stusb4500_low_if.o
                0x0000000008009d94                stusb4500_low_if_write_register
 .text.stusb4500_low_if_read_register
                0x0000000008009da2        0xe ./my_src/drivers/devices/stusb4500/stusb4500/src/stusb4500_low_if.o
                0x0000000008009da2                stusb4500_low_if_read_register
 .text.stusb4500_if_init
                0x0000000008009db0        0x4 ./my_src/drivers/devices/stusb4500/stusb4500_if.o
                0x0000000008009db0                stusb4500_if_init
 .text.stusb4500_if_write_register
                0x0000000008009db4       0x16 ./my_src/drivers/devices/stusb4500/stusb4500_if.o
                0x0000000008009db4                stusb4500_if_write_register
 .text.stusb4500_if_read_register
                0x0000000008009dca       0x16 ./my_src/drivers/devices/stusb4500/stusb4500_if.o
                0x0000000008009dca                stusb4500_if_read_register
 .text.xpt2046_fsm_normal
                0x0000000008009de0       0x24 ./my_src/drivers/devices/xpt2046/xpt2046/src/xpt2046.o
 .text.xpt2046_set_cal_point
                0x0000000008009e04       0x30 ./my_src/drivers/devices/xpt2046/xpt2046/src/xpt2046.o
 .text.xpt2046_clear_cal_point
                0x0000000008009e34       0x30 ./my_src/drivers/devices/xpt2046/xpt2046/src/xpt2046.o
 .text.xpt2046_init
                0x0000000008009e64       0x24 ./my_src/drivers/devices/xpt2046/xpt2046/src/xpt2046.o
                0x0000000008009e64                xpt2046_init
 .text.xpt2046_get_touch
                0x0000000008009e88       0x4c ./my_src/drivers/devices/xpt2046/xpt2046/src/xpt2046.o
                0x0000000008009e88                xpt2046_get_touch
 .text.xpt2046_hndl
                0x0000000008009ed4      0x54c ./my_src/drivers/devices/xpt2046/xpt2046/src/xpt2046.o
                0x0000000008009ed4                xpt2046_hndl
 .text.xpt2046_start_calibration
                0x000000000800a420       0x3c ./my_src/drivers/devices/xpt2046/xpt2046/src/xpt2046.o
                0x000000000800a420                xpt2046_start_calibration
 .text.xpt2046_is_calibrated
                0x000000000800a45c        0xc ./my_src/drivers/devices/xpt2046/xpt2046/src/xpt2046.o
                0x000000000800a45c                xpt2046_is_calibrated
 .text.xpt2046_set_cal_factors
                0x000000000800a468       0x30 ./my_src/drivers/devices/xpt2046/xpt2046/src/xpt2046.o
                0x000000000800a468                xpt2046_set_cal_factors
 .text.xpt2046_get_cal_factors
                0x000000000800a498       0x28 ./my_src/drivers/devices/xpt2046/xpt2046/src/xpt2046.o
                0x000000000800a498                xpt2046_get_cal_factors
 .text.xpt2046_low_if_exchange
                0x000000000800a4c0       0x46 ./my_src/drivers/devices/xpt2046/xpt2046/src/xpt2046_low_if.o
                0x000000000800a4c0                xpt2046_low_if_exchange
 .text.xpt2046_low_if_get_int
                0x000000000800a506        0xe ./my_src/drivers/devices/xpt2046/xpt2046/src/xpt2046_low_if.o
                0x000000000800a506                xpt2046_low_if_get_int
 .text.xpt2046_if_init
                0x000000000800a514        0x4 ./my_src/drivers/devices/xpt2046/xpt2046_if.o
                0x000000000800a514                xpt2046_if_init
 .text.xpt2046_if_spi_transmit_receive
                0x000000000800a518       0x20 ./my_src/drivers/devices/xpt2046/xpt2046_if.o
                0x000000000800a518                xpt2046_if_spi_transmit_receive
 .text.xpt2046_if_get_int
                0x000000000800a538       0x12 ./my_src/drivers/devices/xpt2046/xpt2046_if.o
                0x000000000800a538                xpt2046_if_get_int
 .text.button_get_state
                0x000000000800a54a       0x10 ./my_src/drivers/hmi/button/button.o
                0x000000000800a54a                button_get_state
 *fill*         0x000000000800a55a        0x2 
 .text.button_hndl
                0x000000000800a55c       0x28 ./my_src/drivers/hmi/button/button.o
                0x000000000800a55c                button_hndl
 *fill*         0x000000000800a584        0x4 
 .text.led_fade_in_hndl
                0x000000000800a588       0xa8 ./my_src/drivers/hmi/led/led.o
 .text.led_fade_out_hndl
                0x000000000800a630       0xa0 ./my_src/drivers/hmi/led/led.o
 .text.led_blink_cnt_hndl
                0x000000000800a6d0       0x50 ./my_src/drivers/hmi/led/led.o
 .text.led_init
                0x000000000800a720       0x18 ./my_src/drivers/hmi/led/led.o
                0x000000000800a720                led_init
 .text.led_hndl
                0x000000000800a738      0x108 ./my_src/drivers/hmi/led/led.o
                0x000000000800a738                led_hndl
 .text.led_set  0x000000000800a840       0x40 ./my_src/drivers/hmi/led/led.o
                0x000000000800a840                led_set
 .text.led_blink_smooth
                0x000000000800a880       0x60 ./my_src/drivers/hmi/led/led.o
                0x000000000800a880                led_blink_smooth
 .text.adc_init
                0x000000000800a8e0      0x170 ./my_src/drivers/peripheral/adc/adc.o
                0x000000000800a8e0                adc_init
 .text.adc_get_raw
                0x000000000800aa50       0x20 ./my_src/drivers/peripheral/adc/adc.o
                0x000000000800aa50                adc_get_raw
 .text.adc_get_real
                0x000000000800aa70       0x48 ./my_src/drivers/peripheral/adc/adc.o
                0x000000000800aa70                adc_get_real
 .text.gpio_get
                0x000000000800aab8       0x28 ./my_src/drivers/peripheral/gpio/gpio.o
                0x000000000800aab8                gpio_get
 .text.gpio_set
                0x000000000800aae0       0x48 ./my_src/drivers/peripheral/gpio/gpio.o
                0x000000000800aae0                gpio_set
 .text.gpio_toggle
                0x000000000800ab28       0x20 ./my_src/drivers/peripheral/gpio/gpio.o
                0x000000000800ab28                gpio_toggle
 .text.gpio_enable_port_clock
                0x000000000800ab48       0xb0 ./my_src/drivers/peripheral/gpio/gpio.o
                0x000000000800ab48                gpio_enable_port_clock
 .text.gpio_init
                0x000000000800abf8       0x78 ./my_src/drivers/peripheral/gpio/gpio.o
                0x000000000800abf8                gpio_init
 .text.i2c_init
                0x000000000800ac70       0xa4 ./my_src/drivers/peripheral/i2c/i2c.o
                0x000000000800ac70                i2c_init
 .text.i2c_usbc_read
                0x000000000800ad14       0x2c ./my_src/drivers/peripheral/i2c/i2c.o
                0x000000000800ad14                i2c_usbc_read
 .text.i2c_usbc_write
                0x000000000800ad40       0x2c ./my_src/drivers/peripheral/i2c/i2c.o
                0x000000000800ad40                i2c_usbc_write
 .text.spi_init
                0x000000000800ad6c      0x20c ./my_src/drivers/peripheral/spi/spi.o
                0x000000000800ad6c                spi_init
 .text.spi_display_receive
                0x000000000800af78       0x1c ./my_src/drivers/peripheral/spi/spi.o
                0x000000000800af78                spi_display_receive
 .text.spi_display_transmit
                0x000000000800af94       0x1c ./my_src/drivers/peripheral/spi/spi.o
                0x000000000800af94                spi_display_transmit
 .text.spi_2_transmit
                0x000000000800afb0       0x78 ./my_src/drivers/peripheral/spi/spi.o
                0x000000000800afb0                spi_2_transmit
 .text.spi_2_receive
                0x000000000800b028       0x78 ./my_src/drivers/peripheral/spi/spi.o
                0x000000000800b028                spi_2_receive
 .text.spi_2_transmit_receive
                0x000000000800b0a0       0x88 ./my_src/drivers/peripheral/spi/spi.o
                0x000000000800b0a0                spi_2_transmit_receive
 .text.timer_init
                0x000000000800b128      0x424 ./my_src/drivers/peripheral/timer/timer.o
                0x000000000800b128                timer_init
 .text.timer_set_pwm
                0x000000000800b54c       0xf8 ./my_src/drivers/peripheral/timer/timer.o
                0x000000000800b54c                timer_set_pwm
 .text.uart_dbg_init
                0x000000000800b644      0x118 ./my_src/drivers/peripheral/usart/uart_dbg.o
                0x000000000800b644                uart_dbg_init
 .text.USART1_IRQHandler
                0x000000000800b75c       0x84 ./my_src/drivers/peripheral/usart/uart_dbg.o
                0x000000000800b75c                USART1_IRQHandler
 .text.uart_dbg_write
                0x000000000800b7e0       0x78 ./my_src/drivers/peripheral/usart/uart_dbg.o
                0x000000000800b7e0                uart_dbg_write
 .text.uart_dbg_get
                0x000000000800b858       0x18 ./my_src/drivers/peripheral/usart/uart_dbg.o
                0x000000000800b858                uart_dbg_get
 .text.com_dbg_init
                0x000000000800b870       0x18 ./my_src/middleware/debug_comm_port/com_dbg.o
                0x000000000800b870                com_dbg_init
 .text.com_dbg_write
                0x000000000800b888       0x2c ./my_src/middleware/debug_comm_port/com_dbg.o
                0x000000000800b888                com_dbg_write
 .text.com_dbg_print
                0x000000000800b8b4       0x74 ./my_src/middleware/debug_comm_port/com_dbg.o
                0x000000000800b8b4                com_dbg_print
 .text.com_dbg_get_config
                0x000000000800b928        0x8 ./my_src/middleware/debug_comm_port/com_dbg.o
                0x000000000800b928                com_dbg_get_config
 .text.shell_status_start
                0x000000000800b930        0xc ./my_src/middleware/debug_comm_port/shell.o
 .text.shell_status_stop
                0x000000000800b93c        0xc ./my_src/middleware/debug_comm_port/shell.o
 .text.shell_par_val_to_float
                0x000000000800b948       0x68 ./my_src/middleware/debug_comm_port/shell.o
 .text.shell_timer_callback
                0x000000000800b9b0       0x14 ./my_src/middleware/debug_comm_port/shell.o
 .text.shell_unknown
                0x000000000800b9c4       0x10 ./my_src/middleware/debug_comm_port/shell.o
 .text.shell_nvm_deinit
                0x000000000800b9d4        0x8 ./my_src/middleware/debug_comm_port/shell.o
 .text.shell_nvm_init
                0x000000000800b9dc        0x8 ./my_src/middleware/debug_comm_port/shell.o
 .text.shell_reset
                0x000000000800b9e4       0x14 ./my_src/middleware/debug_comm_port/shell.o
 .text.shell_par_set
                0x000000000800b9f8      0x1cc ./my_src/middleware/debug_comm_port/shell.o
 .text.shell_par_get
                0x000000000800bbc4      0x14c ./my_src/middleware/debug_comm_port/shell.o
 .text.shell_help
                0x000000000800bd10       0xc0 ./my_src/middleware/debug_comm_port/shell.o
 .text.shell_par_def
                0x000000000800bdd0       0x44 ./my_src/middleware/debug_comm_port/shell.o
 .text.shell_par_def_all
                0x000000000800be14       0x14 ./my_src/middleware/debug_comm_port/shell.o
 .text.shell_par_save
                0x000000000800be28       0x20 ./my_src/middleware/debug_comm_port/shell.o
 .text.shell_status_des
                0x000000000800be48       0xd8 ./my_src/middleware/debug_comm_port/shell.o
 .text.shell_com_dbg_enable
                0x000000000800bf20       0xa0 ./my_src/middleware/debug_comm_port/shell.o
 .text.shell_com_dbg_disable
                0x000000000800bfc0       0xa0 ./my_src/middleware/debug_comm_port/shell.o
 .text.shell_nvm_write
                0x000000000800c060       0x50 ./my_src/middleware/debug_comm_port/shell.o
 .text.shell_nvm_read
                0x000000000800c0b0       0x54 ./my_src/middleware/debug_comm_port/shell.o
 .text.shell_com_dbg_info
                0x000000000800c104       0x9c ./my_src/middleware/debug_comm_port/shell.o
 .text.shell_fw_version
                0x000000000800c1a0       0x18 ./my_src/middleware/debug_comm_port/shell.o
 .text.shell_hw_version
                0x000000000800c1b8       0x18 ./my_src/middleware/debug_comm_port/shell.o
 .text.shell_par_print
                0x000000000800c1d0       0xf4 ./my_src/middleware/debug_comm_port/shell.o
 .text.shell_init
                0x000000000800c2c4       0x9c ./my_src/middleware/debug_comm_port/shell.o
                0x000000000800c2c4                shell_init
 .text.shell_task_parser
                0x000000000800c360      0x1d8 ./my_src/middleware/debug_comm_port/shell.o
                0x000000000800c360                shell_task_parser
 .text.shell_thread
                0x000000000800c538       0x22 ./my_src/middleware/debug_comm_port/shell.o
 *fill*         0x000000000800c55a        0x6 
 .text.filter_rc_init
                0x000000000800c560       0xd4 ./my_src/middleware/filter/src/filter.o
                0x000000000800c560                filter_rc_init
 .text.filter_rc_update
                0x000000000800c634       0x7c ./my_src/middleware/filter/src/filter.o
                0x000000000800c634                filter_rc_update
 .text.fifo_create
                0x000000000800c6b0       0x16 ./my_src/middleware/misc/fifobuffer.o
                0x000000000800c6b0                fifo_create
 .text.fifo_add
                0x000000000800c6c6       0x32 ./my_src/middleware/misc/fifobuffer.o
                0x000000000800c6c6                fifo_add
 .text.fifo_get
                0x000000000800c6f8       0x34 ./my_src/middleware/misc/fifobuffer.o
                0x000000000800c6f8                fifo_get
 .text.strlen_safe
                0x000000000800c72c       0x2a ./my_src/middleware/misc/misc_lib.o
                0x000000000800c72c                strlen_safe
 .text.strchr_safe
                0x000000000800c756       0x2c ./my_src/middleware/misc/misc_lib.o
                0x000000000800c756                strchr_safe
 *fill*         0x000000000800c782        0x2 
 .text.nvm_init
                0x000000000800c784       0x44 ./my_src/middleware/nvm/nvm/src/nvm.o
                0x000000000800c784                nvm_init
 .text.nvm_write
                0x000000000800c7c8       0x3c ./my_src/middleware/nvm/nvm/src/nvm.o
                0x000000000800c7c8                nvm_write
 .text.nvm_read
                0x000000000800c804       0x3c ./my_src/middleware/nvm/nvm/src/nvm.o
                0x000000000800c804                nvm_read
 .text.nvm_cfg_get_regions
                0x000000000800c840        0x8 ./my_src/middleware/nvm/nvm_cfg.o
                0x000000000800c840                nvm_cfg_get_regions
 .text.nvm_if_init
                0x000000000800c848       0x1c ./my_src/middleware/nvm/nvm_if.o
                0x000000000800c848                nvm_if_init
 .text.nvm_if_aquire_mutex
                0x000000000800c864       0x18 ./my_src/middleware/nvm/nvm_if.o
                0x000000000800c864                nvm_if_aquire_mutex
 .text.nvm_if_release_mutex
                0x000000000800c87c       0x14 ./my_src/middleware/nvm/nvm_if.o
                0x000000000800c87c                nvm_if_release_mutex
 .text.par_cfg_get_table
                0x000000000800c890        0x8 ./my_src/middleware/parameters/par_cfg.o
                0x000000000800c890                par_cfg_get_table
 .text.par_if_init
                0x000000000800c898       0x20 ./my_src/middleware/parameters/par_if.o
                0x000000000800c898                par_if_init
 .text.par_if_aquire_mutex
                0x000000000800c8b8       0x1c ./my_src/middleware/parameters/par_if.o
                0x000000000800c8b8                par_if_aquire_mutex
 .text.par_if_release_mutex
                0x000000000800c8d4       0x14 ./my_src/middleware/parameters/par_if.o
                0x000000000800c8d4                par_if_release_mutex
 .text.par_get_data_type_size
                0x000000000800c8e8       0x2c ./my_src/middleware/parameters/parameters/src/par.o
 .text.par_get_num_by_id
                0x000000000800c914       0x20 ./my_src/middleware/parameters/parameters/src/par.o
                0x000000000800c914                par_get_num_by_id
 .text.par_set  0x000000000800c934      0x21c ./my_src/middleware/parameters/parameters/src/par.o
                0x000000000800c934                par_set
 .text.par_get  0x000000000800cb50       0xb8 ./my_src/middleware/parameters/parameters/src/par.o
                0x000000000800cb50                par_get
 .text.par_get_config
                0x000000000800cc08       0x28 ./my_src/middleware/parameters/parameters/src/par.o
                0x000000000800cc08                par_get_config
 .text.par_get_id
                0x000000000800cc30       0x14 ./my_src/middleware/parameters/parameters/src/par.o
                0x000000000800cc30                par_get_id
 .text.par_get_name
                0x000000000800cc44       0x20 ./my_src/middleware/parameters/parameters/src/par.o
                0x000000000800cc44                par_get_name
 .text.par_get_data_type
                0x000000000800cc64       0x14 ./my_src/middleware/parameters/parameters/src/par.o
                0x000000000800cc64                par_get_data_type
 .text.par_set_to_default
                0x000000000800cc78       0x3c ./my_src/middleware/parameters/parameters/src/par.o
                0x000000000800cc78                par_set_to_default
 .text.par_set_all_to_default
                0x000000000800ccb4       0x20 ./my_src/middleware/parameters/parameters/src/par.o
                0x000000000800ccb4                par_set_all_to_default
 .text.par_init
                0x000000000800ccd4       0xe8 ./my_src/middleware/parameters/parameters/src/par.o
                0x000000000800ccd4                par_init
 .text.par_get_access
                0x000000000800cdbc       0x14 ./my_src/middleware/parameters/parameters/src/par.o
                0x000000000800cdbc                par_get_access
 .text.par_get_persistance
                0x000000000800cdd0       0x14 ./my_src/middleware/parameters/parameters/src/par.o
                0x000000000800cdd0                par_get_persistance
 .text.par_store_all_to_nvm
                0x000000000800cde4        0x8 ./my_src/middleware/parameters/parameters/src/par.o
                0x000000000800cde4                par_store_all_to_nvm
 .text.par_store_to_nvm
                0x000000000800cdec        0x8 ./my_src/middleware/parameters/parameters/src/par.o
                0x000000000800cdec                par_store_to_nvm
 .text.par_nvm_calc_crc
                0x000000000800cdf4       0x4a ./my_src/middleware/parameters/parameters/src/par_nvm.o
 *fill*         0x000000000800ce3e        0x2 
 .text.par_nvm_init
                0x000000000800ce40      0x174 ./my_src/middleware/parameters/parameters/src/par_nvm.o
                0x000000000800ce40                par_nvm_init
 .text.par_nvm_write
                0x000000000800cfb4       0x46 ./my_src/middleware/parameters/parameters/src/par_nvm.o
                0x000000000800cfb4                par_nvm_write
 *fill*         0x000000000800cffa        0x2 
 .text.par_nvm_write_all
                0x000000000800cffc       0x40 ./my_src/middleware/parameters/parameters/src/par_nvm.o
                0x000000000800cffc                par_nvm_write_all
 .text.sw_version_string
                0x000000000800d03c        0x8 ./my_src/revision/version.o
                0x000000000800d03c                sw_version_string
 .text.hw_version_string